 libtsk_jni

 Timestamp is 580f2382 (Tue Oct 25 11:18:58 2016)

 Preferred load address is 10000000

 Start         Length     Name                   Class
 0001:00000000 000f48b5H .text                   CODE
 0001:000f48c0 000011afH .text$x                 CODE
 0001:000f5a70 00000027H .text$yc                CODE
 0001:000f5aa0 0000004dH .text$yd                CODE
 0002:00000000 00000444H .idata$5                DATA
 0002:00000444 00000004H .CRT$XCA                DATA
 0002:00000448 00000008H .CRT$XCU                DATA
 0002:00000450 00000004H .CRT$XCZ                DATA
 0002:00000454 00000004H .CRT$XIA                DATA
 0002:00000458 00000004H .CRT$XIAA               DATA
 0002:0000045c 00000004H .CRT$XIC                DATA
 0002:00000460 00000004H .CRT$XIZ                DATA
 0002:00000468 00026cd0H .rdata                  DATA
 0002:00027138 00000530H .rdata$r                DATA
 0002:00027670 00000150H .rdata$sxdata           DATA
 0002:000277c0 00000004H .rtc$IAA                DATA
 0002:000277c4 00000004H .rtc$IZZ                DATA
 0002:000277c8 00000004H .rtc$TAA                DATA
 0002:000277cc 00000004H .rtc$TZZ                DATA
 0002:000277d0 00001670H .xdata$x                DATA
 0002:00028e40 000000b4H .idata$2                DATA
 0002:00028ef4 00000014H .idata$3                DATA
 0002:00028f08 00000444H .idata$4                DATA
 0002:0002934c 00001798H .idata$6                DATA
 0002:0002aaf0 00000d67H .edata                  DATA
 0003:00000000 00002be0H .data                   DATA
 0003:00002be0 00000854H .bss                    DATA

  Address         Publics by Value              Rva+Base       Lib:Object

 0000:00000000       __except_list              00000000     <absolute>
 0000:00000054       ___safe_se_handler_count   00000054     <absolute>
 0000:00009876       __ldused                   00009876     <absolute>
 0000:00009876       __fltused                  00009876     <absolute>
 0000:00000000       ___ImageBase               10000000     <linker-defined>
 0001:00000000       ??1bad_alloc@std@@UAE@XZ   10001000 f i dataModel_SleuthkitJNI.obj
 0001:00000010       ??_Gbad_alloc@std@@UAEPAXI@Z 10001010 f i dataModel_SleuthkitJNI.obj
 0001:00000010       ??_Ebad_alloc@std@@UAEPAXI@Z 10001010 f i  CIL library: CIL module
 0001:00000040       ??0CaseDbConnectionInfo@@QAE@V?$basic_string@DU?$char_traits@D@std@@V?$allocator@D@2@@std@@000W4DbType@0@@Z 10001040 f i dataModel_SleuthkitJNI.obj
 0001:00000170       ?NewObject@JNIEnv_@@QAAPAV_jobject@@PAV_jclass@@PAU_jmethodID@@ZZ 10001170 f i dataModel_SleuthkitJNI.obj
 0001:00000190       ?CallVoidMethod@JNIEnv_@@QAAXPAV_jobject@@PAU_jmethodID@@ZZ 10001190 f i dataModel_SleuthkitJNI.obj
 0001:000003d0       _Java_org_sleuthkit_datamodel_SleuthkitJNI_newCaseDbNat@12 100013d0 f   dataModel_SleuthkitJNI.obj
 0001:00000460       _Java_org_sleuthkit_datamodel_SleuthkitJNI_newCaseDbMultiNat@32 10001460 f   dataModel_SleuthkitJNI.obj
 0001:000006f0       ??1CaseDbConnectionInfo@@QAE@XZ 100016f0 f i dataModel_SleuthkitJNI.obj
 0001:00000770       _Java_org_sleuthkit_datamodel_SleuthkitJNI_openCaseDbMultiNat@32 10001770 f   dataModel_SleuthkitJNI.obj
 0001:00000a00       _Java_org_sleuthkit_datamodel_SleuthkitJNI_openCaseDbNat@12 10001a00 f   dataModel_SleuthkitJNI.obj
 0001:00000a80       _Java_org_sleuthkit_datamodel_SleuthkitJNI_closeCaseDbNat@16 10001a80 f   dataModel_SleuthkitJNI.obj
 0001:00000ad0       _Java_org_sleuthkit_datamodel_SleuthkitJNI_hashDbOpenNat@12 10001ad0 f   dataModel_SleuthkitJNI.obj
 0001:00000bb0       _Java_org_sleuthkit_datamodel_SleuthkitJNI_hashDbNewNat@12 10001bb0 f   dataModel_SleuthkitJNI.obj
 0001:00000cd0       _Java_org_sleuthkit_datamodel_SleuthkitJNI_hashDbBeginTransactionNat@12 10001cd0 f   dataModel_SleuthkitJNI.obj
 0001:00000d60       _Java_org_sleuthkit_datamodel_SleuthkitJNI_hashDbCommitTransactionNat@12 10001d60 f   dataModel_SleuthkitJNI.obj
 0001:00000df0       _Java_org_sleuthkit_datamodel_SleuthkitJNI_hashDbRollbackTransactionNat@12 10001df0 f   dataModel_SleuthkitJNI.obj
 0001:00000e80       _Java_org_sleuthkit_datamodel_SleuthkitJNI_hashDbAddEntryNat@32 10001e80 f   dataModel_SleuthkitJNI.obj
 0001:000010a0       _Java_org_sleuthkit_datamodel_SleuthkitJNI_hashDbIsUpdateableNat@12 100020a0 f   dataModel_SleuthkitJNI.obj
 0001:00001130       _Java_org_sleuthkit_datamodel_SleuthkitJNI_hashDbIsReindexableNat@12 10002130 f   dataModel_SleuthkitJNI.obj
 0001:000011d0       _Java_org_sleuthkit_datamodel_SleuthkitJNI_hashDbPathNat@12 100021d0 f   dataModel_SleuthkitJNI.obj
 0001:000012d0       _Java_org_sleuthkit_datamodel_SleuthkitJNI_hashDbIndexPathNat@12 100022d0 f   dataModel_SleuthkitJNI.obj
 0001:000013d0       _Java_org_sleuthkit_datamodel_SleuthkitJNI_hashDbIsIdxOnlyNat@12 100023d0 f   dataModel_SleuthkitJNI.obj
 0001:00001460       _Java_org_sleuthkit_datamodel_SleuthkitJNI_hashDbGetDisplayName@12 10002460 f   dataModel_SleuthkitJNI.obj
 0001:00001510       _Java_org_sleuthkit_datamodel_SleuthkitJNI_hashDbCloseAll@8 10002510 f   dataModel_SleuthkitJNI.obj
 0001:00001570       _Java_org_sleuthkit_datamodel_SleuthkitJNI_hashDbClose@12 10002570 f   dataModel_SleuthkitJNI.obj
 0001:00001630       _Java_org_sleuthkit_datamodel_SleuthkitJNI_hashDbLookup@16 10002630 f   dataModel_SleuthkitJNI.obj
 0001:00001720       _Java_org_sleuthkit_datamodel_SleuthkitJNI_hashDbLookupVerbose@16 10002720 f   dataModel_SleuthkitJNI.obj
 0001:00001a40       ??1TskHashInfo@@QAE@XZ     10002a40 f i dataModel_SleuthkitJNI.obj
 0001:00001af0       _Java_org_sleuthkit_datamodel_SleuthkitJNI_initAddImgNat@28 10002af0 f   dataModel_SleuthkitJNI.obj
 0001:00001dc0       ??_D?$basic_stringstream@DU?$char_traits@D@std@@V?$allocator@D@2@@std@@QAEXXZ 10002dc0 f i dataModel_SleuthkitJNI.obj
 0001:00001e40       _Java_org_sleuthkit_datamodel_SleuthkitJNI_runAddImgNat@32 10002e40 f   dataModel_SleuthkitJNI.obj
 0001:00002340       _Java_org_sleuthkit_datamodel_SleuthkitJNI_stopAddImgNat@16 10003340 f   dataModel_SleuthkitJNI.obj
 0001:000023b0       _Java_org_sleuthkit_datamodel_SleuthkitJNI_revertAddImgNat@16 100033b0 f   dataModel_SleuthkitJNI.obj
 0001:00002430       _Java_org_sleuthkit_datamodel_SleuthkitJNI_commitAddImgNat@16 10003430 f   dataModel_SleuthkitJNI.obj
 0001:000024d0       _Java_org_sleuthkit_datamodel_SleuthkitJNI_openImgNat@16 100034d0 f   dataModel_SleuthkitJNI.obj
 0001:000025f0       _Java_org_sleuthkit_datamodel_SleuthkitJNI_openVsNat@24 100035f0 f   dataModel_SleuthkitJNI.obj
 0001:00002680       _Java_org_sleuthkit_datamodel_SleuthkitJNI_openVolNat@24 10003680 f   dataModel_SleuthkitJNI.obj
 0001:000026e0       _Java_org_sleuthkit_datamodel_SleuthkitJNI_openFsNat@24 100036e0 f   dataModel_SleuthkitJNI.obj
 0001:00002770       _Java_org_sleuthkit_datamodel_SleuthkitJNI_openFileNat@32 10003770 f   dataModel_SleuthkitJNI.obj
 0001:00002870       _Java_org_sleuthkit_datamodel_SleuthkitJNI_readImgNat@36 10003870 f   dataModel_SleuthkitJNI.obj
 0001:00002a20       _Java_org_sleuthkit_datamodel_SleuthkitJNI_readVsNat@36 10003a20 f   dataModel_SleuthkitJNI.obj
 0001:00002bc0       _Java_org_sleuthkit_datamodel_SleuthkitJNI_readVolNat@36 10003bc0 f   dataModel_SleuthkitJNI.obj
 0001:00002df0       _Java_org_sleuthkit_datamodel_SleuthkitJNI_readFsNat@36 10003df0 f   dataModel_SleuthkitJNI.obj
 0001:00002fc0       _Java_org_sleuthkit_datamodel_SleuthkitJNI_readFileNat@36 10003fc0 f   dataModel_SleuthkitJNI.obj
 0001:000031d0       _Java_org_sleuthkit_datamodel_SleuthkitJNI_saveFileMetaDataTextNat@20 100041d0 f   dataModel_SleuthkitJNI.obj
 0001:00003340       _Java_org_sleuthkit_datamodel_SleuthkitJNI_closeImgNat@16 10004340 f   dataModel_SleuthkitJNI.obj
 0001:000033a0       _Java_org_sleuthkit_datamodel_SleuthkitJNI_closeVsNat@16 100043a0 f   dataModel_SleuthkitJNI.obj
 0001:000033d0       _Java_org_sleuthkit_datamodel_SleuthkitJNI_closeFsNat@16 100043d0 f   dataModel_SleuthkitJNI.obj
 0001:00003410       _Java_org_sleuthkit_datamodel_SleuthkitJNI_closeFileNat@16 10004410 f   dataModel_SleuthkitJNI.obj
 0001:000034e0       _Java_org_sleuthkit_datamodel_SleuthkitJNI_getVersionNat@8 100044e0 f   dataModel_SleuthkitJNI.obj
 0001:00003500       _Java_org_sleuthkit_datamodel_SleuthkitJNI_getCurDirNat@16 10004500 f   dataModel_SleuthkitJNI.obj
 0001:00003570       _Java_org_sleuthkit_datamodel_SleuthkitJNI_startVerboseLoggingNat@12 10004570 f   dataModel_SleuthkitJNI.obj
 0001:000035f0       _Java_org_sleuthkit_datamodel_SleuthkitJNI_hashDbCreateIndexNat@12 100045f0 f   dataModel_SleuthkitJNI.obj
 0001:00003750       _Java_org_sleuthkit_datamodel_SleuthkitJNI_hashDbIndexExistsNat@12 10004750 f   dataModel_SleuthkitJNI.obj
 0001:000037f0       _Java_org_sleuthkit_datamodel_SleuthkitJNI_findDeviceSizeNat@12 100047f0 f   dataModel_SleuthkitJNI.obj
 0001:000038b0       ??0?$basic_string@DU?$char_traits@D@std@@V?$allocator@D@2@@std@@QAE@PBD@Z 100048b0 f i dataModel_SleuthkitJNI.obj
 0001:000038e0       ??1?$basic_string@DU?$char_traits@D@std@@V?$allocator@D@2@@std@@QAE@XZ 100048e0 f i dataModel_SleuthkitJNI.obj
 0001:00003910       ?push_back@?$vector@PAUTSK_HDB_INFO@@V?$allocator@PAUTSK_HDB_INFO@@@std@@@std@@QAEXABQAUTSK_HDB_INFO@@@Z 10004910 f i dataModel_SleuthkitJNI.obj
 0001:00003990       ??0?$basic_stringstream@DU?$char_traits@D@std@@V?$allocator@D@2@@std@@QAE@H@Z 10004990 f i dataModel_SleuthkitJNI.obj
 0001:00003a30       ?str@?$basic_stringstream@DU?$char_traits@D@std@@V?$allocator@D@2@@std@@QBE?AV?$basic_string@DU?$char_traits@D@std@@V?$allocator@D@2@@2@XZ 10004a30 f i dataModel_SleuthkitJNI.obj
 0001:00003a50       ?overflow@?$basic_stringbuf@DU?$char_traits@D@std@@V?$allocator@D@2@@std@@MAEHH@Z 10004a50 f i dataModel_SleuthkitJNI.obj
 0001:00003c20       ?pbackfail@?$basic_stringbuf@DU?$char_traits@D@std@@V?$allocator@D@2@@std@@MAEHH@Z 10004c20 f i dataModel_SleuthkitJNI.obj
 0001:00003c70       ?underflow@?$basic_stringbuf@DU?$char_traits@D@std@@V?$allocator@D@2@@std@@MAEHXZ 10004c70 f i dataModel_SleuthkitJNI.obj
 0001:00003ce0       ?seekoff@?$basic_stringbuf@DU?$char_traits@D@std@@V?$allocator@D@2@@std@@MAE?AV?$fpos@H@2@_JHH@Z 10004ce0 f i dataModel_SleuthkitJNI.obj
 0001:00003e90       ?seekpos@?$basic_stringbuf@DU?$char_traits@D@std@@V?$allocator@D@2@@std@@MAE?AV?$fpos@H@2@V32@H@Z 10004e90 f i dataModel_SleuthkitJNI.obj
 0001:00003fc0       ??_E?$basic_stringstream@DU?$char_traits@D@std@@V?$allocator@D@2@@std@@UAEPAXI@Z 10004fc0 f i  CIL library: CIL module
 0001:00003fc0       ??_G?$basic_stringstream@DU?$char_traits@D@std@@V?$allocator@D@2@@std@@UAEPAXI@Z 10004fc0 f i dataModel_SleuthkitJNI.obj
 0001:00004060       ??_G?$basic_stringbuf@DU?$char_traits@D@std@@V?$allocator@D@2@@std@@UAEPAXI@Z 10005060 f i dataModel_SleuthkitJNI.obj
 0001:00004060       ??_E?$basic_stringbuf@DU?$char_traits@D@std@@V?$allocator@D@2@@std@@UAEPAXI@Z 10005060 f i  CIL library: CIL module
 0001:00004090       ?assign@?$basic_string@DU?$char_traits@D@std@@V?$allocator@D@2@@std@@QAEAAV12@$$QAV12@@Z 10005090 f i dataModel_SleuthkitJNI.obj
 0001:00004100       ?assign@?$basic_string@DU?$char_traits@D@std@@V?$allocator@D@2@@std@@QAEAAV12@ABV12@II@Z 10005100 f i dataModel_SleuthkitJNI.obj
 0001:000041a0       ?allocate@?$allocator@D@std@@QAEPADI@Z 100051a0 f i dataModel_SleuthkitJNI.obj
 0001:000041a0       ?allocate@?$allocator@E@std@@QAEPAEI@Z 100051a0 f i libtsk:guid.obj
 0001:000041f0       ??1?$vector@Uerror_record@TskAuto@@V?$allocator@Uerror_record@TskAuto@@@std@@@std@@QAE@XZ 100051f0 f i dataModel_SleuthkitJNI.obj
 0001:000041f0       ?_Tidy@?$vector@Uerror_record@TskAuto@@V?$allocator@Uerror_record@TskAuto@@@std@@@std@@IAEXXZ 100051f0 f i dataModel_SleuthkitJNI.obj
 0001:00004230       ?_Reserve@?$vector@PAUTSK_HDB_INFO@@V?$allocator@PAUTSK_HDB_INFO@@@std@@@std@@IAEXI@Z 10005230 f i dataModel_SleuthkitJNI.obj
 0001:00004290       ?str@?$basic_stringbuf@DU?$char_traits@D@std@@V?$allocator@D@2@@std@@QBE?AV?$basic_string@DU?$char_traits@D@std@@V?$allocator@D@2@@2@XZ 10005290 f i dataModel_SleuthkitJNI.obj
 0001:000043c0       ?_Tidy@?$basic_stringbuf@DU?$char_traits@D@std@@V?$allocator@D@2@@std@@IAEXXZ 100053c0 f i dataModel_SleuthkitJNI.obj
 0001:00004420       ??1sentry@?$basic_ostream@DU?$char_traits@D@std@@@std@@QAE@XZ 10005420 f i dataModel_SleuthkitJNI.obj
 0001:00004490       ?assign@?$basic_string@DU?$char_traits@D@std@@V?$allocator@D@2@@std@@QAEAAV12@PBDI@Z 10005490 f i dataModel_SleuthkitJNI.obj
 0001:00004560       ?erase@?$basic_string@DU?$char_traits@D@std@@V?$allocator@D@2@@std@@QAEAAV12@II@Z 10005560 f i dataModel_SleuthkitJNI.obj
 0001:000045e0       ?_Grow@?$basic_string@DU?$char_traits@D@std@@V?$allocator@D@2@@std@@QAE_NI_N@Z 100055e0 f i dataModel_SleuthkitJNI.obj
 0001:00004630       ?reserve@?$vector@PAUTSK_HDB_INFO@@V?$allocator@PAUTSK_HDB_INFO@@@std@@@std@@QAEXI@Z 10005630 f i dataModel_SleuthkitJNI.obj
 0001:000046c0       ??1_Sentry_base@?$basic_ostream@DU?$char_traits@D@std@@@std@@QAE@XZ 100056c0 f i dataModel_SleuthkitJNI.obj
 0001:000046e0       ?_Copy@?$basic_string@DU?$char_traits@D@std@@V?$allocator@D@2@@std@@QAEXII@Z 100056e0 f i dataModel_SleuthkitJNI.obj
 0001:00004850       ?allocate@?$allocator@PAUTSK_HDB_INFO@@@std@@QAEPAPAUTSK_HDB_INFO@@I@Z 10005850 f i dataModel_SleuthkitJNI.obj
 0001:000048b0       ??$?6U?$char_traits@D@std@@@std@@YAAAV?$basic_ostream@DU?$char_traits@D@std@@@0@AAV10@PBD@Z 100058b0 f i dataModel_SleuthkitJNI.obj
 0001:00004b00       ??$?6DU?$char_traits@D@std@@V?$allocator@D@1@@std@@YAAAV?$basic_ostream@DU?$char_traits@D@std@@@0@AAV10@ABV?$basic_string@DU?$char_traits@D@std@@V?$allocator@D@2@@0@@Z 10005b00 f i dataModel_SleuthkitJNI.obj
 0001:00004d30       ??$_Destroy_range@V?$allocator@V?$basic_string@DU?$char_traits@D@std@@V?$allocator@D@2@@std@@@std@@@std@@YAXPAV?$basic_string@DU?$char_traits@D@std@@V?$allocator@D@2@@0@0AAV?$allocator@V?$basic_string@DU?$char_traits@D@std@@V?$allocator@D@2@@std@@@0@@Z 10005d30 f i dataModel_SleuthkitJNI.obj
 0001:00004d70       ??0bad_alloc@std@@QAE@ABV01@@Z 10005d70 f i dataModel_SleuthkitJNI.obj
 0001:00004d90       ??$_Destroy_range@V?$allocator@Uerror_record@TskAuto@@@std@@@std@@YAXPAUerror_record@TskAuto@@0AAV?$allocator@Uerror_record@TskAuto@@@0@U_Nonscalar_ptr_iterator_tag@0@@Z 10005d90 f i dataModel_SleuthkitJNI.obj
 0001:00004df0       ??1error_record@TskAuto@@QAE@XZ 10005df0 f i dataModel_SleuthkitJNI.obj
 0001:00004df0       ??$_Dest_val@V?$allocator@Uerror_record@TskAuto@@@std@@Uerror_record@TskAuto@@@std@@YAXAAV?$allocator@Uerror_record@TskAuto@@@0@PAUerror_record@TskAuto@@@Z 10005df0 f i dataModel_SleuthkitJNI.obj
 0001:00004fd0       _tsk_hdb_create            10005fd0 f   libtsk:tsk_hashdb.obj
 0001:00005110       _tsk_hdb_open              10006110 f   libtsk:tsk_hashdb.obj
 0001:00005460       _tsk_hdb_lookup_str        10006460 f   libtsk:tsk_hashdb.obj
 0001:000054e0       _tsk_hdb_lookup_raw        100064e0 f   libtsk:tsk_hashdb.obj
 0001:00005560       _tsk_hdb_lookup_verbose_str 10006560 f   libtsk:tsk_hashdb.obj
 0001:00005620       _tsk_hdb_accepts_updates   10006620 f   libtsk:tsk_hashdb.obj
 0001:000056c0       _tsk_hdb_add_entry         100066c0 f   libtsk:tsk_hashdb.obj
 0001:000057c0       _tsk_hdb_begin_transaction 100067c0 f   libtsk:tsk_hashdb.obj
 0001:000058e0       _tsk_hdb_commit_transaction 100068e0 f   libtsk:tsk_hashdb.obj
 0001:00005a00       _tsk_hdb_rollback_transaction 10006a00 f   libtsk:tsk_hashdb.obj
 0001:00005b20       _tsk_fs_file_alloc         10006b20 f   libtsk:fs_file.obj
 0001:00005b50       _tsk_fs_file_close         10006b50 f   libtsk:fs_file.obj
 0001:00005ba0       _tsk_fs_file_open_meta     10006ba0 f   libtsk:fs_file.obj
 0001:00005c50       _tsk_fs_file_open          10006c50 f   libtsk:fs_file.obj
 0001:00005e70       _tsk_fs_file_attr_getsize  10006e70 f   libtsk:fs_file.obj
 0001:00005ea0       _tsk_fs_file_attr_get      10006ea0 f   libtsk:fs_file.obj
 0001:00005ee0       _tsk_fs_file_attr_get_type 10006ee0 f   libtsk:fs_file.obj
 0001:00005f50       _tsk_fs_file_walk_type     10006f50 f   libtsk:fs_file.obj
 0001:00006060       _tsk_fs_file_walk          10007060 f   libtsk:fs_file.obj
 0001:00006170       _tsk_fs_file_read          10007170 f   libtsk:fs_file.obj
 0001:00006230       ??0TskAuto@@QAE@XZ         10007230 f   libtsk:auto.obj
 0001:000062c0       ??_GTskAuto@@UAEPAXI@Z     100072c0 f i libtsk:auto.obj
 0001:000062c0       ??_ETskAuto@@UAEPAXI@Z     100072c0 f i  CIL library: CIL module
 0001:000062f0       ??1TskAuto@@UAE@XZ         100072f0 f   libtsk:auto.obj
 0001:000063b0       ?getCurVsPartDescr@TskAuto@@QBE?AV?$basic_string@DU?$char_traits@D@std@@V?$allocator@D@2@@std@@XZ 100073b0 f   libtsk:auto.obj
 0001:000063f0       ?openImage@TskAuto@@UAEEHQBQB_WW4TSK_IMG_TYPE_ENUM@@I@Z 100073f0 f   libtsk:auto.obj
 0001:00006460       ?openImageUtf8@TskAuto@@UAEEHQBQBDW4TSK_IMG_TYPE_ENUM@@I@Z 10007460 f   libtsk:auto.obj
 0001:000064d0       ?openImageHandle@TskAuto@@UAEEPAUTSK_IMG_INFO@@@Z 100074d0 f   libtsk:auto.obj
 0001:00006530       ?closeImage@TskAuto@@UAEXXZ 10007530 f   libtsk:auto.obj
 0001:00006570       ?filterFs@TskAuto@@UAE?AW4TSK_FILTER_ENUM@@PAUTSK_FS_INFO@@@Z 10007570 f   libtsk:auto.obj
 0001:00006570       ?filterVol@TskAuto@@UAE?AW4TSK_FILTER_ENUM@@PBUTSK_VS_PART_INFO@@@Z 10007570 f   libtsk:auto.obj
 0001:00006570       ?setConnectionInfo@TskDb@@UAE?AW4TSK_RETVAL_ENUM@@PAVCaseDbConnectionInfo@@@Z 10007570 f   libtsk:tsk_db.obj
 0001:00006570       ?filterVs@TskAuto@@UAE?AW4TSK_FILTER_ENUM@@PBUTSK_VS_INFO@@@Z 10007570 f   libtsk:auto.obj
 0001:00006580       ?findFilesInImg@TskAuto@@QAEEXZ 10007580 f   libtsk:auto.obj
 0001:00006600       ?vsWalkCb@TskAuto@@CA?AW4TSK_WALK_RET_ENUM@@PAUTSK_VS_INFO@@PBUTSK_VS_PART_INFO@@PAX@Z 10007600 f   libtsk:auto.obj
 0001:000066b0       ?findFilesInVs@TskAuto@@QAEE_JW4TSK_VS_TYPE_ENUM@@@Z 100076b0 f   libtsk:auto.obj
 0001:000067e0       ?findFilesInFsRet@TskAuto@@QAE?AW4TSK_RETVAL_ENUM@@_JW4TSK_FS_TYPE_ENUM@@@Z 100077e0 f   libtsk:auto.obj
 0001:00006980       ?dirWalkCb@TskAuto@@CA?AW4TSK_WALK_RET_ENUM@@PAUTSK_FS_FILE@@PBDPAX@Z 10007980 f   libtsk:auto.obj
 0001:000069c0       ?findFilesInFsInt@TskAuto@@AAE?AW4TSK_RETVAL_ENUM@@PAUTSK_FS_INFO@@_K@Z 100079c0 f   libtsk:auto.obj
 0001:00006a50       ?processAttributes@TskAuto@@IAE?AW4TSK_RETVAL_ENUM@@PAUTSK_FS_FILE@@PBD@Z 10007a50 f   libtsk:auto.obj
 0001:00006af0       ?processAttribute@TskAuto@@MAE?AW4TSK_RETVAL_ENUM@@PAUTSK_FS_FILE@@PBUTSK_FS_ATTR@@PBD@Z 10007af0 f   libtsk:auto.obj
 0001:00006b00       ?registerError@TskAuto@@QAEEXZ 10007b00 f   libtsk:auto.obj
 0001:00006cb0       ?getErrorList@TskAuto@@QAE?BV?$vector@Uerror_record@TskAuto@@V?$allocator@Uerror_record@TskAuto@@@std@@@std@@XZ 10007cb0 f   libtsk:auto.obj
 0001:00006cd0       ?errorRecordToString@TskAuto@@SA?AV?$basic_string@DU?$char_traits@D@std@@V?$allocator@D@2@@std@@AAUerror_record@1@@Z 10007cd0 f   libtsk:auto.obj
 0001:00006dd0       ?isDotDir@TskAuto@@IAEEPAUTSK_FS_FILE@@@Z 10007dd0 f   libtsk:auto.obj
 0001:00006e10       ??0?$vector@Uerror_record@TskAuto@@V?$allocator@Uerror_record@TskAuto@@@std@@@std@@QAE@ABV01@@Z 10007e10 f i libtsk:auto.obj
 0001:00006ef0       ?push_back@?$vector@Uerror_record@TskAuto@@V?$allocator@Uerror_record@TskAuto@@@std@@@std@@QAEXABUerror_record@TskAuto@@@Z 10007ef0 f i libtsk:auto.obj
 0001:00006fa0       ?_Reserve@?$vector@Uerror_record@TskAuto@@V?$allocator@Uerror_record@TskAuto@@@std@@@std@@IAEXI@Z 10007fa0 f i libtsk:auto.obj
 0001:00007020       ?reserve@?$vector@Uerror_record@TskAuto@@V?$allocator@Uerror_record@TskAuto@@@std@@@std@@QAEXI@Z 10008020 f i libtsk:auto.obj
 0001:00007130       ?allocate@?$allocator@Uerror_record@TskAuto@@@std@@QAEPAUerror_record@TskAuto@@I@Z 10008130 f i libtsk:auto.obj
 0001:00007190       ??$_Move@PAUerror_record@TskAuto@@PAU12@@std@@YAPAUerror_record@TskAuto@@PAU12@00U_Nonscalar_ptr_iterator_tag@0@@Z 10008190 f i libtsk:auto.obj
 0001:000071e0       ??0error_record@TskAuto@@QAE@ABU01@@Z 100081e0 f i libtsk:auto.obj
 0001:00007270       ??$_Uninit_copy@V?$_Vector_const_iterator@V?$_Vector_val@Uerror_record@TskAuto@@V?$allocator@Uerror_record@TskAuto@@@std@@@std@@@std@@PAUerror_record@TskAuto@@V?$allocator@Uerror_record@TskAuto@@@2@@std@@YAPAUerror_record@TskAuto@@V?$_Vector_const_iterator@V?$_Vector_val@Uerror_record@TskAuto@@V?$allocator@Uerror_record@TskAuto@@@std@@@std@@@0@0PAU12@AAV?$allocator@Uerror_record@TskAuto@@@0@U_Nonscalar_ptr_iterator_tag@0@@Z 10008270 f i libtsk:auto.obj
 0001:00007360       ??$_Uninit_move@PAUerror_record@TskAuto@@PAU12@V?$allocator@Uerror_record@TskAuto@@@std@@U12@@std@@YAPAUerror_record@TskAuto@@PAU12@00AAV?$allocator@Uerror_record@TskAuto@@@0@0U_Nonscalar_ptr_iterator_tag@0@@Z 10008360 f i libtsk:auto.obj
 0001:00007450       _tsk_vs_open               10008450 f   libtsk:mm_open.obj
 0001:00007720       _tsk_error_get             10008720 f   libtsk:tsk_error.obj
 0001:00007910       _tsk_error_get_errno       10008910 f   libtsk:tsk_error.obj
 0001:00007960       _tsk_error_set_errno       10008960 f   libtsk:tsk_error.obj
 0001:000079b0       _tsk_error_get_errstr      100089b0 f   libtsk:tsk_error.obj
 0001:00007a00       _tsk_error_set_errstr      10008a00 f   libtsk:tsk_error.obj
 0001:00007a60       _tsk_error_set_errstr2     10008a60 f   libtsk:tsk_error.obj
 0001:00007ac0       _tsk_error_errstr2_concat  10008ac0 f   libtsk:tsk_error.obj
 0001:00007b40       _tsk_error_print           10008b40 f   libtsk:tsk_error.obj
 0001:00007bb0       _tsk_error_reset           10008bb0 f   libtsk:tsk_error.obj
 0001:00007c10       _tsk_malloc                10008c10 f   libtsk:mymalloc.obj
 0001:00007cb0       _tsk_realloc               10008cb0 f   libtsk:mymalloc.obj
 0001:00007d40       _tsk_fs_open_img           10008d40 f   libtsk:fs_open.obj
 0001:00008210       _tsk_fs_close              10009210 f   libtsk:fs_open.obj
 0001:00008230       _tsk_fs_free               10009230 f   libtsk:fs_open.obj
 0001:000082a0       _tsk_img_open              100092a0 f   libtsk:img_open.obj
 0001:00008590       _tsk_img_open_utf8         10009590 f   libtsk:img_open.obj
 0001:000086f0       _tsk_img_get_names         100096f0 f   libtsk:img_open.obj
 0001:000087b0       _tsk_UTF16toUTF8           100097b0 f   libtsk:tsk_unicode.obj
 0001:000089a0       _tsk_UTF16toUTF8_lclorder  100099a0 f   libtsk:tsk_unicode.obj
 0001:00008bd0       _tsk_cleanupUTF8           10009bd0 f   libtsk:tsk_unicode.obj
 0001:00008d20       _tsk_UTF8toUTF16           10009d20 f   libtsk:tsk_unicode.obj
 0001:00008ef0       _tsk_vs_read_block         10009ef0 f   libtsk:mm_io.obj
 0001:00008fa0       _tsk_vs_part_add           10009fa0 f   libtsk:mm_part.obj
 0001:000090e0       _tsk_vs_part_unused        1000a0e0 f   libtsk:mm_part.obj
 0001:00009220       _tsk_vs_part_free          1000a220 f   libtsk:mm_part.obj
 0001:00009270       _tsk_vs_part_get           1000a270 f   libtsk:mm_part.obj
 0001:00009320       _tsk_vs_part_walk          1000a320 f   libtsk:mm_part.obj
 0001:00009410       _tsk_img_read              1000a410 f   libtsk:img_io.obj
 0001:000098e0       ??1TskCaseDb@@QAE@XZ       1000a8e0 f   libtsk:case_db.obj
 0001:00009940       ?newDb@TskCaseDb@@SAPAV1@PB_W@Z 1000a940 f   libtsk:case_db.obj
 0001:00009a60       ?newDb@TskCaseDb@@SAPAV1@QB_WPAVCaseDbConnectionInfo@@@Z 1000aa60 f   libtsk:case_db.obj
 0001:00009b50       ?openDb@TskCaseDb@@SAPAV1@PB_W@Z 1000ab50 f   libtsk:case_db.obj
 0001:00009c70       ?openDb@TskCaseDb@@SAPAV1@PB_WPAVCaseDbConnectionInfo@@@Z 1000ac70 f   libtsk:case_db.obj
 0001:00009d80       ?initAddImage@TskCaseDb@@QAEPAVTskAutoDb@@XZ 1000ad80 f   libtsk:case_db.obj
 0001:00009e00       ??0TskAutoDb@@QAE@PAVTskDb@@PAUTSK_HDB_INFO@@1@Z 1000ae00 f   libtsk:auto_db.obj
 0001:00009f20       ??_ETskAutoDb@@UAEPAXI@Z   1000af20 f i  CIL library: CIL module
 0001:00009f20       ??_GTskAutoDb@@UAEPAXI@Z   1000af20 f i libtsk:auto_db.obj
 0001:00009f50       ??1TskAutoDb@@UAE@XZ       1000af50 f   libtsk:auto_db.obj
 0001:0000a060       ?closeImage@TskAutoDb@@UAEXXZ 1000b060 f   libtsk:auto_db.obj
 0001:0000a0b0       ?createBlockMap@TskAutoDb@@UAEX_N@Z 1000b0b0 f   libtsk:auto_db.obj
 0001:0000a0c0       ?hashFiles@TskAutoDb@@UAEX_N@Z 1000b0c0 f   libtsk:auto_db.obj
 0001:0000a0d0       ?setNoFatFsOrphans@TskAutoDb@@UAEX_N@Z 1000b0d0 f   libtsk:auto_db.obj
 0001:0000a0e0       ?setAddUnallocSpace@TskAutoDb@@UAEX_N@Z 1000b0e0 f   libtsk:auto_db.obj
 0001:0000a100       ?setAddUnallocSpace@TskAutoDb@@UAEX_N_J@Z 1000b100 f   libtsk:auto_db.obj
 0001:0000a130       ?openImageUtf8@TskAutoDb@@UAEEHQBQBDW4TSK_IMG_TYPE_ENUM@@IPBD@Z 1000b130 f   libtsk:auto_db.obj
 0001:0000a170       ?openImage@TskAutoDb@@UAEEHQBQB_WW4TSK_IMG_TYPE_ENUM@@IPBD@Z 1000b170 f   libtsk:auto_db.obj
 0001:0000a310       ?addImageDetails@TskAutoDb@@AAEEQBQBDHPBD@Z 1000b310 f   libtsk:auto_db.obj
 0001:0000a510       ?filterVs@TskAutoDb@@UAE?AW4TSK_FILTER_ENUM@@PBUTSK_VS_INFO@@@Z 1000b510 f   libtsk:auto_db.obj
 0001:0000a560       ?filterVol@TskAutoDb@@UAE?AW4TSK_FILTER_ENUM@@PBUTSK_VS_PART_INFO@@@Z 1000b560 f   libtsk:auto_db.obj
 0001:0000a5b0       ?filterFs@TskAutoDb@@UAE?AW4TSK_FILTER_ENUM@@PAUTSK_FS_INFO@@@Z 1000b5b0 f   libtsk:auto_db.obj
 0001:0000a670       ?insertFileData@TskAutoDb@@AAE?AW4TSK_RETVAL_ENUM@@PAUTSK_FS_FILE@@PBUTSK_FS_ATTR@@PBDQBEW4TSK_DB_FILES_KNOWN_ENUM@@@Z 1000b670 f   libtsk:auto_db.obj
 0001:0000a6c0       ?addFilesInImgToDb@TskAutoDb@@QAEEXZ 1000b6c0 f   libtsk:auto_db.obj
 0001:0000a790       ?startAddImage@TskAutoDb@@QAEEHQBQBDW4TSK_IMG_TYPE_ENUM@@IPBD@Z 1000b790 f   libtsk:auto_db.obj
 0001:0000a8d0       ?revertAddImage@TskAutoDb@@QAEHXZ 1000b8d0 f   libtsk:auto_db.obj
 0001:0000a9b0       ?commitAddImage@TskAutoDb@@QAE_JXZ 1000b9b0 f   libtsk:auto_db.obj
 0001:0000aaa0       ?setTz@TskAutoDb@@UAEXV?$basic_string@DU?$char_traits@D@std@@V?$allocator@D@2@@std@@@Z 1000baa0 f   libtsk:auto_db.obj
 0001:0000ab10       ?processFile@TskAutoDb@@UAE?AW4TSK_RETVAL_ENUM@@PAUTSK_FS_FILE@@PBD@Z 1000bb10 f   libtsk:auto_db.obj
 0001:0000ac30       ?processAttribute@TskAutoDb@@EAE?AW4TSK_RETVAL_ENUM@@PAUTSK_FS_FILE@@PBUTSK_FS_ATTR@@PBD@Z 1000bc30 f   libtsk:auto_db.obj
 0001:0000ae40       ?md5HashCallback@TskAutoDb@@CA?AW4TSK_WALK_RET_ENUM@@PAUTSK_FS_FILE@@_J_KPADIW4TSK_FS_BLOCK_FLAG_ENUM@@PAX@Z 1000be40 f   libtsk:auto_db.obj
 0001:0000ae60       ?md5HashAttr@TskAutoDb@@AAEHQAEPBUTSK_FS_ATTR@@@Z 1000be60 f   libtsk:auto_db.obj
 0001:0000aef0       ?fsWalkUnallocBlocksCb@TskAutoDb@@CA?AW4TSK_WALK_RET_ENUM@@PBUTSK_FS_BLOCK@@PAX@Z 1000bef0 f   libtsk:auto_db.obj
 0001:0000b110       ?addFsInfoUnalloc@TskAutoDb@@AAE?AW4TSK_RETVAL_ENUM@@ABU_TSK_DB_FS_INFO@@@Z 1000c110 f   libtsk:auto_db.obj
 0001:0000b470       ??1_UNALLOC_BLOCK_WLK_TRACK@TskAutoDb@@QAE@XZ 1000c470 f i libtsk:auto_db.obj
 0001:0000b4a0       ?addUnallocSpaceToDb@TskAutoDb@@AAE?AW4TSK_RETVAL_ENUM@@XZ 1000c4a0 f   libtsk:auto_db.obj
 0001:0000b510       ?addUnallocFsSpaceToDb@TskAutoDb@@AAE?AW4TSK_RETVAL_ENUM@@AAI@Z 1000c510 f   libtsk:auto_db.obj
 0001:0000b630       ?addUnallocVsSpaceToDb@TskAutoDb@@AAE?AW4TSK_RETVAL_ENUM@@AAI@Z 1000c630 f   libtsk:auto_db.obj
 0001:0000bd20       ?addUnallocImageSpaceToDb@TskAutoDb@@AAE?AW4TSK_RETVAL_ENUM@@XZ 1000cd20 f   libtsk:auto_db.obj
 0001:0000be30       ?getCurDir@TskAutoDb@@QAE?BV?$basic_string@DU?$char_traits@D@std@@V?$allocator@D@2@@std@@XZ 1000ce30 f   libtsk:auto_db.obj
 0001:0000bec0       ?push_back@?$vector@U_TSK_DB_FILE_LAYOUT_RANGE@@V?$allocator@U_TSK_DB_FILE_LAYOUT_RANGE@@@std@@@std@@QAEX$$QAU_TSK_DB_FILE_LAYOUT_RANGE@@@Z 1000cec0 f i libtsk:auto_db.obj
 0001:0000bf10       ??$_Uninit_move@PAU_TSK_DB_VS_INFO@@PAU1@V?$allocator@U_TSK_DB_VS_INFO@@@std@@U1@@std@@YAPAU_TSK_DB_VS_INFO@@PAU1@00AAV?$allocator@U_TSK_DB_VS_INFO@@@0@0U_Nonscalar_ptr_iterator_tag@0@@Z 1000cf10 f i libtsk:db_sqlite.obj
 0001:0000bf10       ??$_Uninit_move@PAU_TSK_DB_FILE_LAYOUT_RANGE@@PAU1@V?$allocator@U_TSK_DB_FILE_LAYOUT_RANGE@@@std@@U1@@std@@YAPAU_TSK_DB_FILE_LAYOUT_RANGE@@PAU1@00AAV?$allocator@U_TSK_DB_FILE_LAYOUT_RANGE@@@0@0U_Nonscalar_ptr_iterator_tag@0@@Z 1000cf10 f i libtsk:auto_db.obj
 0001:0000bf40       _tsk_fs_attr_run_free      1000cf40 f   libtsk:fs_attr.obj
 0001:0000bf70       _tsk_fs_attr_alloc         1000cf70 f   libtsk:fs_attr.obj
 0001:0000c020       _tsk_fs_attr_free          1000d020 f   libtsk:fs_attr.obj
 0001:0000c120       _tsk_fs_attr_set_str       1000d120 f   libtsk:fs_attr.obj
 0001:0000c200       _tsk_fs_attr_set_run       1000d200 f   libtsk:fs_attr.obj
 0001:0000c410       _tsk_fs_attr_add_run       1000d410 f   libtsk:fs_attr.obj
 0001:0000c860       _tsk_fs_attr_append_run    1000d860 f   libtsk:fs_attr.obj
 0001:0000cef0       _tsk_fs_attr_walk          1000def0 f   libtsk:fs_attr.obj
 0001:0000d060       _tsk_fs_attr_read          1000e060 f   libtsk:fs_attr.obj
 0001:0000d680       _tsk_fs_read               1000e680 f   libtsk:fs_io.obj
 0001:0000d780       _tsk_fs_read_block         1000e780 f   libtsk:fs_io.obj
 0001:0000d960       _nsrl_test                 1000e960 f   libtsk:nsrl.obj
 0001:0000de20       _nsrl_makeindex            1000ee20 f   libtsk:nsrl.obj
 0001:0000e140       _nsrl_getentry             1000f140 f   libtsk:nsrl.obj
 0001:0000ec70       _sqlite_hdb_open           1000fc70 f   libtsk:sqlite_hdb.obj
 0001:0000f310       _sqlite_hdb_add_entry      10010310 f   libtsk:sqlite_hdb.obj
 0001:0000f5a0       _sqlite_hdb_lookup_str     100105a0 f   libtsk:sqlite_hdb.obj
 0001:0000f660       _sqlite_hdb_lookup_bin     10010660 f   libtsk:sqlite_hdb.obj
 0001:0000f980       _sqlite_hdb_lookup_verbose_str 10010980 f   libtsk:sqlite_hdb.obj
 0001:0000fa30       _sqlite_hdb_lookup_verbose_bin 10010a30 f   libtsk:sqlite_hdb.obj
 0001:0000fb60       _sqlite_hdb_begin_transaction 10010b60 f   libtsk:sqlite_hdb.obj
 0001:0000fb90       _sqlite_hdb_commit_transaction 10010b90 f   libtsk:sqlite_hdb.obj
 0001:0000fbc0       _sqlite_hdb_rollback_transaction 10010bc0 f   libtsk:sqlite_hdb.obj
 0001:0000fbf0       _sqlite_hdb_close          10010bf0 f   libtsk:sqlite_hdb.obj
 0001:0000fc50       ?push_back@?$vector@V?$basic_string@DU?$char_traits@D@std@@V?$allocator@D@2@@std@@V?$allocator@V?$basic_string@DU?$char_traits@D@std@@V?$allocator@D@2@@std@@@2@@std@@QAEX$$QAV?$basic_string@DU?$char_traits@D@std@@V?$allocator@D@2@@2@@Z 10010c50 f i libtsk:sqlite_hdb.obj
 0001:0000fd00       ?_Reserve@?$vector@V?$basic_string@DU?$char_traits@D@std@@V?$allocator@D@2@@std@@V?$allocator@V?$basic_string@DU?$char_traits@D@std@@V?$allocator@D@2@@std@@@2@@std@@IAEXI@Z 10010d00 f i libtsk:sqlite_hdb.obj
 0001:0000fd80       ?reserve@?$vector@V?$basic_string@DU?$char_traits@D@std@@V?$allocator@D@2@@std@@V?$allocator@V?$basic_string@DU?$char_traits@D@std@@V?$allocator@D@2@@std@@@2@@std@@QAEXI@Z 10010d80 f i libtsk:sqlite_hdb.obj
 0001:0000fe90       ?allocate@?$allocator@V?$basic_string@DU?$char_traits@D@std@@V?$allocator@D@2@@std@@@std@@QAEPAV?$basic_string@DU?$char_traits@D@std@@V?$allocator@D@2@@2@I@Z 10010e90 f i libtsk:sqlite_hdb.obj
 0001:0000fef0       ??$_Uninit_move@PAV?$basic_string@DU?$char_traits@D@std@@V?$allocator@D@2@@std@@PAV12@V?$allocator@V?$basic_string@DU?$char_traits@D@std@@V?$allocator@D@2@@std@@@2@V12@@std@@YAPAV?$basic_string@DU?$char_traits@D@std@@V?$allocator@D@2@@0@PAV10@00AAV?$allocator@V?$basic_string@DU?$char_traits@D@std@@V?$allocator@D@2@@std@@@0@0U_Nonscalar_ptr_iterator_tag@0@@Z 10010ef0 f i libtsk:sqlite_hdb.obj
 0001:00010110       _idxonly_open              10011110 f   libtsk:idxonly.obj
 0001:00010150       _idxonly_get_db_path       10011150 f   libtsk:idxonly.obj
 0001:00010150       _sqlite3_release_memory    10011150 f   libtsk:sqlite3.obj
 0001:00010160       _idxonly_getentry          10011160 f   libtsk:idxonly.obj
 0001:00010190       _md5sum_test               10011190 f   libtsk:md5sum.obj
 0001:00010530       _md5sum_makeindex          10011530 f   libtsk:md5sum.obj
 0001:000107d0       _md5sum_getentry           100117d0 f   libtsk:md5sum.obj
 0001:00010b60       _encase_test               10011b60 f   libtsk:encase.obj
 0001:00010ce0       _encase_open               10011ce0 f   libtsk:encase.obj
 0001:00010d20       _encase_make_index         10011d20 f   libtsk:encase.obj
 0001:00010fd0       _encase_get_entry          10011fd0 f   libtsk:encase.obj
 0001:00011250       _hk_test                   10012250 f   libtsk:hashkeeper.obj
 0001:00011550       _hk_makeindex              10012550 f   libtsk:hashkeeper.obj
 0001:00011890       _hk_getentry               10012890 f   libtsk:hashkeeper.obj
 0001:00011c50       _tsk_fs_attrlist_free      10012c50 f   libtsk:fs_attrlist.obj
 0001:00011ce0       _tsk_fs_attrlist_add       10012ce0 f   libtsk:fs_attrlist.obj
 0001:00011da0       _tsk_fs_attrlist_getnew    10012da0 f   libtsk:fs_attrlist.obj
 0001:00011e90       _tsk_fs_attrlist_markunused 10012e90 f   libtsk:fs_attrlist.obj
 0001:00011ef0       _tsk_fs_attrlist_get       10012ef0 f   libtsk:fs_attrlist.obj
 0001:00011fe0       _tsk_fs_attrlist_get_id    10012fe0 f   libtsk:fs_attrlist.obj
 0001:000120c0       _tsk_fs_attrlist_get_name_type 100130c0 f   libtsk:fs_attrlist.obj
 0001:000121e0       _tsk_fs_attrlist_get_idx   100131e0 f   libtsk:fs_attrlist.obj
 0001:000122b0       _tsk_fs_attrlist_get_len   100132b0 f   libtsk:fs_attrlist.obj
 0001:00012330       _tsk_fs_path2inum          10013330 f   libtsk:ifind_lib.obj
 0001:000127a0       _TSK_MD5_Update            100137a0 f   libtsk:md5c.obj
 0001:00012860       _TSK_MD5_Final             10013860 f   libtsk:md5c.obj
 0001:000130e0       _tsk_fprintf               100140e0 f   libtsk:tsk_printf.obj
 0001:00013140       _tsk_printf                10014140 f   libtsk:tsk_printf.obj
 0001:000131a0       _tsk_fs_name_alloc         100141a0 f   libtsk:fs_name.obj
 0001:00013250       _tsk_fs_name_realloc       10014250 f   libtsk:fs_name.obj
 0001:000132a0       _tsk_fs_name_free          100142a0 f   libtsk:fs_name.obj
 0001:000132f0       _tsk_fs_name_copy          100142f0 f   libtsk:fs_name.obj
 0001:00013420       _tsk_fs_meta_make_ls       10014420 f   libtsk:fs_name.obj
 0001:00013500       _tsk_fs_time_to_str        10014500 f   libtsk:fs_name.obj
 0001:00013580       _tsk_fs_time_to_str_subsecs 10014580 f   libtsk:fs_name.obj
 0001:00013600       _tsk_fs_meta_alloc         10014600 f   libtsk:fs_inode.obj
 0001:00013660       _tsk_fs_meta_realloc       10014660 f   libtsk:fs_inode.obj
 0001:00013690       _tsk_fs_meta_close         10014690 f   libtsk:fs_inode.obj
 0001:00013720       _tsk_fs_meta_reset         10014720 f   libtsk:fs_inode.obj
 0001:000137e0       _tsk_fs_dir_alloc          100147e0 f   libtsk:fs_dir.obj
 0001:00013860       _tsk_fs_dir_realloc        10014860 f   libtsk:fs_dir.obj
 0001:000138e0       _tsk_fs_dir_reset          100148e0 f   libtsk:fs_dir.obj
 0001:000139a0       _tsk_fs_dir_contains       100149a0 f   libtsk:fs_dir.obj
 0001:000139e0       _tsk_fs_dir_add            100149e0 f   libtsk:fs_dir.obj
 0001:00013b40       _tsk_fs_dir_open_meta      10014b40 f   libtsk:fs_dir.obj
 0001:00013bf0       _tsk_fs_dir_close          10014bf0 f   libtsk:fs_dir.obj
 0001:00013ce0       _tsk_fs_dir_getsize        10014ce0 f   libtsk:fs_dir.obj
 0001:00013d50       _tsk_fs_dir_get            10014d50 f   libtsk:fs_dir.obj
 0001:000144a0       _tsk_fs_dir_walk           100154a0 f   libtsk:fs_dir.obj
 0001:00014630       _tsk_fs_dir_make_orphan_dir_name 10015630 f   libtsk:fs_dir.obj
 0001:00014670       _tsk_fs_dir_make_orphan_dir_meta 10015670 f   libtsk:fs_dir.obj
 0001:00014740       _tsk_fs_dir_find_inum_named 10015740 f   libtsk:fs_dir.obj
 0001:00014780       _tsk_fs_dir_load_inum_named 10015780 f   libtsk:fs_dir.obj
 0001:00014bb0       _tsk_fs_dir_find_orphans   10015bb0 f   libtsk:fs_dir.obj
 0001:000153e0       _tsk_vs_bsd_open           100163e0 f   libtsk:bsd.obj
 0001:00016ea0       _tsk_vs_dos_open           10017ea0 f   libtsk:dos.obj
 0001:00017ba0       _tsk_vs_sun_open           10018ba0 f   libtsk:sun.obj
 0001:000190b0       _tsk_vs_gpt_open           1001a0b0 f   libtsk:gpt.obj
 0001:00019760       _tsk_vs_mac_open           1001a760 f   libtsk:mac.obj
 0001:0001b7b0       _iso9660_dinode_load       1001c7b0 f   libtsk:iso9660.obj
 0001:0001e240       _iso9660_open              1001f240 f   libtsk:iso9660.obj
 0001:0001e700       _fatfs_open                1001f700 f   libtsk:fatfs.obj
 0001:0001ece0       _fatfs_getFAT              1001fce0 f   libtsk:fatfs.obj
 0001:0001f3a0       _fatfs_block_walk          100203a0 f   libtsk:fatfs.obj
 0001:0001fa20       _fatfs_block_getflags      10020a20 f   libtsk:fatfs.obj
 0001:0001faa0       _fatfs_is_sectalloc        10020aa0 f   libtsk:fatfs.obj
 0001:0001fb50       _fatfs_fscheck             10020b50 f   libtsk:fatfs.obj
 0001:0001fbb0       _fatfs_jentry_walk         10020bb0 f   libtsk:fatfs.obj
 0001:0001fbb0       _fatfs_jopen               10020bb0 f   libtsk:fatfs.obj
 0001:0001fbb0       _fatfs_jblk_walk           10020bb0 f   libtsk:fatfs.obj
 0001:0001fc10       _fatfs_close               10020c10 f   libtsk:fatfs.obj
 0001:0001fc60       ?compare@?$char_traits@D@std@@SAHPBD0I@Z 10020c60 f i libtsk:yaffs.obj
 0001:000210f0       ??1?$set@V?$basic_string@DU?$char_traits@D@std@@V?$allocator@D@2@@std@@U?$less@V?$basic_string@DU?$char_traits@D@std@@V?$allocator@D@2@@std@@@2@V?$allocator@V?$basic_string@DU?$char_traits@D@std@@V?$allocator@D@2@@std@@@2@@std@@QAE@XZ 100220f0 f i libtsk:yaffs.obj
 0001:00023f20       _yaffs2_open               10024f20 f   libtsk:yaffs.obj
 0001:00024740       ??0?$map@IU_YaffsCacheChunkGroup@@U?$less@I@std@@V?$allocator@U?$pair@$$CBIU_YaffsCacheChunkGroup@@@std@@@3@@std@@QAE@XZ 10025740 f i libtsk:yaffs.obj
 0001:000247b0       ??A?$map@IU_YaffsCacheChunkGroup@@U?$less@I@std@@V?$allocator@U?$pair@$$CBIU_YaffsCacheChunkGroup@@@std@@@3@@std@@QAEAAU_YaffsCacheChunkGroup@@ABI@Z 100257b0 f i libtsk:yaffs.obj
 0001:00024830       ?clear@?$_Tree@V?$_Tmap_traits@IU_YaffsCacheChunkGroup@@U?$less@I@std@@V?$allocator@U?$pair@$$CBIU_YaffsCacheChunkGroup@@@std@@@3@$0A@@std@@@std@@QAEXXZ 10025830 f i libtsk:yaffs.obj
 0001:00024880       ?find@?$_Tree@V?$_Tmap_traits@IU_YaffsCacheChunkGroup@@U?$less@I@std@@V?$allocator@U?$pair@$$CBIU_YaffsCacheChunkGroup@@@std@@@3@$0A@@std@@@std@@QAE?AV?$_Tree_iterator@V?$_Tree_val@V?$_Tmap_traits@IU_YaffsCacheChunkGroup@@U?$less@I@std@@V?$allocator@U?$pair@$$CBIU_YaffsCacheChunkGroup@@@std@@@3@$0A@@std@@@std@@@2@ABI@Z 10025880 f i libtsk:yaffs.obj
 0001:000248e0       ??A?$map@V?$basic_string@DU?$char_traits@D@std@@V?$allocator@D@2@@std@@V12@U?$less@V?$basic_string@DU?$char_traits@D@std@@V?$allocator@D@2@@std@@@2@V?$allocator@U?$pair@$$CBV?$basic_string@DU?$char_traits@D@std@@V?$allocator@D@2@@std@@V12@@std@@@2@@std@@QAEAAV?$basic_string@DU?$char_traits@D@std@@V?$allocator@D@2@@1@ABV21@@Z 100258e0 f i libtsk:yaffs.obj
 0001:00024a60       ?find@?$_Tree@V?$_Tmap_traits@V?$basic_string@DU?$char_traits@D@std@@V?$allocator@D@2@@std@@V12@U?$less@V?$basic_string@DU?$char_traits@D@std@@V?$allocator@D@2@@std@@@2@V?$allocator@U?$pair@$$CBV?$basic_string@DU?$char_traits@D@std@@V?$allocator@D@2@@std@@V12@@std@@@2@$0A@@std@@@std@@QAE?AV?$_Tree_iterator@V?$_Tree_val@V?$_Tmap_traits@V?$basic_string@DU?$char_traits@D@std@@V?$allocator@D@2@@std@@V12@U?$less@V?$basic_string@DU?$char_traits@D@std@@V?$allocator@D@2@@std@@@2@V?$allocator@U?$pair@$$CBV?$basic_string@DU?$char_traits@D@std@@V?$allocator@D@2@@std@@V12@@std@@@2@$0A@@std@@@std@@@2@ABV?$basic_string@DU?$char_traits@D@std@@V?$allocator@D@2@@2@@Z 10025a60 f i libtsk:yaffs.obj
 0001:00024af0       ?append@?$basic_string@DU?$char_traits@D@std@@V?$allocator@D@2@@std@@QAEAAV12@ID@Z 10025af0 f i libtsk:yaffs.obj
 0001:00024b50       ?_Erase@?$_Tree@V?$_Tmap_traits@IU_YaffsCacheChunkGroup@@U?$less@I@std@@V?$allocator@U?$pair@$$CBIU_YaffsCacheChunkGroup@@@std@@@3@$0A@@std@@@std@@IAEXPAU_Node@?$_Tree_nod@V?$_Tmap_traits@IU_YaffsCacheChunkGroup@@U?$less@I@std@@V?$allocator@U?$pair@$$CBIU_YaffsCacheChunkGroup@@@std@@@3@$0A@@std@@@2@@Z 10025b50 f i libtsk:yaffs.obj
 0001:00024b90       ??R?$less@V?$basic_string@DU?$char_traits@D@std@@V?$allocator@D@2@@std@@@std@@QBE_NABV?$basic_string@DU?$char_traits@D@std@@V?$allocator@D@2@@1@0@Z 10025b90 f i libtsk:yaffs.obj
 0001:00024be0       ?erase@?$_Tree@V?$_Tmap_traits@IU_YaffsCacheChunkGroup@@U?$less@I@std@@V?$allocator@U?$pair@$$CBIU_YaffsCacheChunkGroup@@@std@@@3@$0A@@std@@@std@@QAE?AV?$_Tree_iterator@V?$_Tree_val@V?$_Tmap_traits@IU_YaffsCacheChunkGroup@@U?$less@I@std@@V?$allocator@U?$pair@$$CBIU_YaffsCacheChunkGroup@@@std@@@3@$0A@@std@@@std@@@2@V?$_Tree_const_iterator@V?$_Tree_val@V?$_Tmap_traits@IU_YaffsCacheChunkGroup@@U?$less@I@std@@V?$allocator@U?$pair@$$CBIU_YaffsCacheChunkGroup@@@std@@@3@$0A@@std@@@std@@@2@0@Z 10025be0 f i libtsk:yaffs.obj
 0001:00024c80       ??E?$_Tree_unchecked_const_iterator@V?$_Tree_val@V?$_Tmap_traits@IU_YaffsCacheChunkGroup@@U?$less@I@std@@V?$allocator@U?$pair@$$CBIU_YaffsCacheChunkGroup@@@std@@@3@$0A@@std@@@std@@U_Iterator_base0@2@@std@@QAEAAV01@XZ 10025c80 f i libtsk:yaffs.obj
 0001:00024cd0       ?erase@?$_Tree@V?$_Tmap_traits@V?$basic_string@DU?$char_traits@D@std@@V?$allocator@D@2@@std@@V12@U?$less@V?$basic_string@DU?$char_traits@D@std@@V?$allocator@D@2@@std@@@2@V?$allocator@U?$pair@$$CBV?$basic_string@DU?$char_traits@D@std@@V?$allocator@D@2@@std@@V12@@std@@@2@$0A@@std@@@std@@QAE?AV?$_Tree_iterator@V?$_Tree_val@V?$_Tmap_traits@V?$basic_string@DU?$char_traits@D@std@@V?$allocator@D@2@@std@@V12@U?$less@V?$basic_string@DU?$char_traits@D@std@@V?$allocator@D@2@@std@@@2@V?$allocator@U?$pair@$$CBV?$basic_string@DU?$char_traits@D@std@@V?$allocator@D@2@@std@@V12@@std@@@2@$0A@@std@@@std@@@2@V?$_Tree_const_iterator@V?$_Tree_val@V?$_Tmap_traits@V?$basic_string@DU?$char_traits@D@std@@V?$allocator@D@2@@std@@V12@U?$less@V?$basic_string@DU?$char_traits@D@std@@V?$allocator@D@2@@std@@@2@V?$allocator@U?$pair@$$CBV?$basic_string@DU?$char_traits@D@std@@V?$allocator@D@2@@std@@V12@@std@@@2@$0A@@std@@@std@@@2@0@Z 10025cd0 f i libtsk:yaffs.obj
 0001:00024d90       ?_Lbound@?$_Tree@V?$_Tmap_traits@V?$basic_string@DU?$char_traits@D@std@@V?$allocator@D@2@@std@@V12@U?$less@V?$basic_string@DU?$char_traits@D@std@@V?$allocator@D@2@@std@@@2@V?$allocator@U?$pair@$$CBV?$basic_string@DU?$char_traits@D@std@@V?$allocator@D@2@@std@@V12@@std@@@2@$0A@@std@@@std@@IAEPAU_Node@?$_Tree_nod@V?$_Tmap_traits@V?$basic_string@DU?$char_traits@D@std@@V?$allocator@D@2@@std@@V12@U?$less@V?$basic_string@DU?$char_traits@D@std@@V?$allocator@D@2@@std@@@2@V?$allocator@U?$pair@$$CBV?$basic_string@DU?$char_traits@D@std@@V?$allocator@D@2@@std@@V12@@std@@@2@$0A@@std@@@2@ABV?$basic_string@DU?$char_traits@D@std@@V?$allocator@D@2@@2@@Z 10025d90 f i libtsk:yaffs.obj
 0001:00024e10       ?erase@?$_Tree@V?$_Tset_traits@V?$basic_string@DU?$char_traits@D@std@@V?$allocator@D@2@@std@@U?$less@V?$basic_string@DU?$char_traits@D@std@@V?$allocator@D@2@@std@@@2@V?$allocator@V?$basic_string@DU?$char_traits@D@std@@V?$allocator@D@2@@std@@@2@$0A@@std@@@std@@QAE?AV?$_Tree_const_iterator@V?$_Tree_val@V?$_Tset_traits@V?$basic_string@DU?$char_traits@D@std@@V?$allocator@D@2@@std@@U?$less@V?$basic_string@DU?$char_traits@D@std@@V?$allocator@D@2@@std@@@2@V?$allocator@V?$basic_string@DU?$char_traits@D@std@@V?$allocator@D@2@@std@@@2@$0A@@std@@@std@@@2@V32@0@Z 10025e10 f i libtsk:yaffs.obj
 0001:00024ed0       ?_Lbound@?$_Tree@V?$_Tset_traits@V?$basic_string@DU?$char_traits@D@std@@V?$allocator@D@2@@std@@U?$less@V?$basic_string@DU?$char_traits@D@std@@V?$allocator@D@2@@std@@@2@V?$allocator@V?$basic_string@DU?$char_traits@D@std@@V?$allocator@D@2@@std@@@2@$0A@@std@@@std@@IAEPAU_Node@?$_Tree_nod@V?$_Tset_traits@V?$basic_string@DU?$char_traits@D@std@@V?$allocator@D@2@@std@@U?$less@V?$basic_string@DU?$char_traits@D@std@@V?$allocator@D@2@@std@@@2@V?$allocator@V?$basic_string@DU?$char_traits@D@std@@V?$allocator@D@2@@std@@@2@$0A@@std@@@2@ABV?$basic_string@DU?$char_traits@D@std@@V?$allocator@D@2@@2@@Z 10025ed0 f i libtsk:yaffs.obj
 0001:00024f50       ?erase@?$_Tree@V?$_Tmap_traits@IU_YaffsCacheChunkGroup@@U?$less@I@std@@V?$allocator@U?$pair@$$CBIU_YaffsCacheChunkGroup@@@std@@@3@$0A@@std@@@std@@QAE?AV?$_Tree_iterator@V?$_Tree_val@V?$_Tmap_traits@IU_YaffsCacheChunkGroup@@U?$less@I@std@@V?$allocator@U?$pair@$$CBIU_YaffsCacheChunkGroup@@@std@@@3@$0A@@std@@@std@@@2@V?$_Tree_const_iterator@V?$_Tree_val@V?$_Tmap_traits@IU_YaffsCacheChunkGroup@@U?$less@I@std@@V?$allocator@U?$pair@$$CBIU_YaffsCacheChunkGroup@@@std@@@3@$0A@@std@@@std@@@2@@Z 10025f50 f i libtsk:yaffs.obj
 0001:000251b0       ?erase@?$_Tree@V?$_Tmap_traits@V?$basic_string@DU?$char_traits@D@std@@V?$allocator@D@2@@std@@V12@U?$less@V?$basic_string@DU?$char_traits@D@std@@V?$allocator@D@2@@std@@@2@V?$allocator@U?$pair@$$CBV?$basic_string@DU?$char_traits@D@std@@V?$allocator@D@2@@std@@V12@@std@@@2@$0A@@std@@@std@@QAE?AV?$_Tree_iterator@V?$_Tree_val@V?$_Tmap_traits@V?$basic_string@DU?$char_traits@D@std@@V?$allocator@D@2@@std@@V12@U?$less@V?$basic_string@DU?$char_traits@D@std@@V?$allocator@D@2@@std@@@2@V?$allocator@U?$pair@$$CBV?$basic_string@DU?$char_traits@D@std@@V?$allocator@D@2@@std@@V12@@std@@@2@$0A@@std@@@std@@@2@V?$_Tree_const_iterator@V?$_Tree_val@V?$_Tmap_traits@V?$basic_string@DU?$char_traits@D@std@@V?$allocator@D@2@@std@@V12@U?$less@V?$basic_string@DU?$char_traits@D@std@@V?$allocator@D@2@@std@@@2@V?$allocator@U?$pair@$$CBV?$basic_string@DU?$char_traits@D@std@@V?$allocator@D@2@@std@@V12@@std@@@2@$0A@@std@@@std@@@2@@Z 100261b0 f i libtsk:yaffs.obj
 0001:00025450       ??E?$_Tree_unchecked_const_iterator@V?$_Tree_val@V?$_Tmap_traits@V?$basic_string@DU?$char_traits@D@std@@V?$allocator@D@2@@std@@V12@U?$less@V?$basic_string@DU?$char_traits@D@std@@V?$allocator@D@2@@std@@@2@V?$allocator@U?$pair@$$CBV?$basic_string@DU?$char_traits@D@std@@V?$allocator@D@2@@std@@V12@@std@@@2@$0A@@std@@@std@@U_Iterator_base0@2@@std@@QAEAAV01@XZ 10026450 f i libtsk:yaffs.obj
 0001:000254a0       ?erase@?$_Tree@V?$_Tset_traits@V?$basic_string@DU?$char_traits@D@std@@V?$allocator@D@2@@std@@U?$less@V?$basic_string@DU?$char_traits@D@std@@V?$allocator@D@2@@std@@@2@V?$allocator@V?$basic_string@DU?$char_traits@D@std@@V?$allocator@D@2@@std@@@2@$0A@@std@@@std@@QAE?AV?$_Tree_const_iterator@V?$_Tree_val@V?$_Tset_traits@V?$basic_string@DU?$char_traits@D@std@@V?$allocator@D@2@@std@@U?$less@V?$basic_string@DU?$char_traits@D@std@@V?$allocator@D@2@@std@@@2@V?$allocator@V?$basic_string@DU?$char_traits@D@std@@V?$allocator@D@2@@std@@@2@$0A@@std@@@std@@@2@V32@@Z 100264a0 f i libtsk:yaffs.obj
 0001:00025730       ?_Lrotate@?$_Tree@V?$_Tmap_traits@IU_YaffsCacheChunkGroup@@U?$less@I@std@@V?$allocator@U?$pair@$$CBIU_YaffsCacheChunkGroup@@@std@@@3@$0A@@std@@@std@@IAEXPAU_Node@?$_Tree_nod@V?$_Tmap_traits@IU_YaffsCacheChunkGroup@@U?$less@I@std@@V?$allocator@U?$pair@$$CBIU_YaffsCacheChunkGroup@@@std@@@3@$0A@@std@@@2@@Z 10026730 f i libtsk:yaffs.obj
 0001:00025790       ?_Rrotate@?$_Tree@V?$_Tmap_traits@IU_YaffsCacheChunkGroup@@U?$less@I@std@@V?$allocator@U?$pair@$$CBIU_YaffsCacheChunkGroup@@@std@@@3@$0A@@std@@@std@@IAEXPAU_Node@?$_Tree_nod@V?$_Tmap_traits@IU_YaffsCacheChunkGroup@@U?$less@I@std@@V?$allocator@U?$pair@$$CBIU_YaffsCacheChunkGroup@@@std@@@3@$0A@@std@@@2@@Z 10026790 f i libtsk:yaffs.obj
 0001:000257f0       ?_Max@?$_Tree_val@V?$_Tmap_traits@IU_YaffsCacheChunkGroup@@U?$less@I@std@@V?$allocator@U?$pair@$$CBIU_YaffsCacheChunkGroup@@@std@@@3@$0A@@std@@@std@@SAPAU_Node@?$_Tree_nod@V?$_Tmap_traits@IU_YaffsCacheChunkGroup@@U?$less@I@std@@V?$allocator@U?$pair@$$CBIU_YaffsCacheChunkGroup@@@std@@@3@$0A@@std@@@2@PAU342@@Z 100267f0 f i libtsk:yaffs.obj
 0001:00025810       ?_Erase@?$_Tree@V?$_Tmap_traits@V?$basic_string@DU?$char_traits@D@std@@V?$allocator@D@2@@std@@V12@U?$less@V?$basic_string@DU?$char_traits@D@std@@V?$allocator@D@2@@std@@@2@V?$allocator@U?$pair@$$CBV?$basic_string@DU?$char_traits@D@std@@V?$allocator@D@2@@std@@V12@@std@@@2@$0A@@std@@@std@@IAEXPAU_Node@?$_Tree_nod@V?$_Tmap_traits@V?$basic_string@DU?$char_traits@D@std@@V?$allocator@D@2@@std@@V12@U?$less@V?$basic_string@DU?$char_traits@D@std@@V?$allocator@D@2@@std@@@2@V?$allocator@U?$pair@$$CBV?$basic_string@DU?$char_traits@D@std@@V?$allocator@D@2@@std@@V12@@std@@@2@$0A@@std@@@2@@Z 10026810 f i libtsk:yaffs.obj
 0001:000258a0       ?_Lrotate@?$_Tree@V?$_Tmap_traits@V?$basic_string@DU?$char_traits@D@std@@V?$allocator@D@2@@std@@V12@U?$less@V?$basic_string@DU?$char_traits@D@std@@V?$allocator@D@2@@std@@@2@V?$allocator@U?$pair@$$CBV?$basic_string@DU?$char_traits@D@std@@V?$allocator@D@2@@std@@V12@@std@@@2@$0A@@std@@@std@@IAEXPAU_Node@?$_Tree_nod@V?$_Tmap_traits@V?$basic_string@DU?$char_traits@D@std@@V?$allocator@D@2@@std@@V12@U?$less@V?$basic_string@DU?$char_traits@D@std@@V?$allocator@D@2@@std@@@2@V?$allocator@U?$pair@$$CBV?$basic_string@DU?$char_traits@D@std@@V?$allocator@D@2@@std@@V12@@std@@@2@$0A@@std@@@2@@Z 100268a0 f i libtsk:yaffs.obj
 0001:00025900       ?_Rrotate@?$_Tree@V?$_Tmap_traits@V?$basic_string@DU?$char_traits@D@std@@V?$allocator@D@2@@std@@V12@U?$less@V?$basic_string@DU?$char_traits@D@std@@V?$allocator@D@2@@std@@@2@V?$allocator@U?$pair@$$CBV?$basic_string@DU?$char_traits@D@std@@V?$allocator@D@2@@std@@V12@@std@@@2@$0A@@std@@@std@@IAEXPAU_Node@?$_Tree_nod@V?$_Tmap_traits@V?$basic_string@DU?$char_traits@D@std@@V?$allocator@D@2@@std@@V12@U?$less@V?$basic_string@DU?$char_traits@D@std@@V?$allocator@D@2@@std@@@2@V?$allocator@U?$pair@$$CBV?$basic_string@DU?$char_traits@D@std@@V?$allocator@D@2@@std@@V12@@std@@@2@$0A@@std@@@2@@Z 10026900 f i libtsk:yaffs.obj
 0001:00025960       ?_Max@?$_Tree_val@V?$_Tmap_traits@V?$basic_string@DU?$char_traits@D@std@@V?$allocator@D@2@@std@@V12@U?$less@V?$basic_string@DU?$char_traits@D@std@@V?$allocator@D@2@@std@@@2@V?$allocator@U?$pair@$$CBV?$basic_string@DU?$char_traits@D@std@@V?$allocator@D@2@@std@@V12@@std@@@2@$0A@@std@@@std@@SAPAU_Node@?$_Tree_nod@V?$_Tmap_traits@V?$basic_string@DU?$char_traits@D@std@@V?$allocator@D@2@@std@@V12@U?$less@V?$basic_string@DU?$char_traits@D@std@@V?$allocator@D@2@@std@@@2@V?$allocator@U?$pair@$$CBV?$basic_string@DU?$char_traits@D@std@@V?$allocator@D@2@@std@@V12@@std@@@2@$0A@@std@@@2@PAU342@@Z 10026960 f i libtsk:yaffs.obj
 0001:00025980       ?_Erase@?$_Tree@V?$_Tset_traits@V?$basic_string@DU?$char_traits@D@std@@V?$allocator@D@2@@std@@U?$less@V?$basic_string@DU?$char_traits@D@std@@V?$allocator@D@2@@std@@@2@V?$allocator@V?$basic_string@DU?$char_traits@D@std@@V?$allocator@D@2@@std@@@2@$0A@@std@@@std@@IAEXPAU_Node@?$_Tree_nod@V?$_Tset_traits@V?$basic_string@DU?$char_traits@D@std@@V?$allocator@D@2@@std@@U?$less@V?$basic_string@DU?$char_traits@D@std@@V?$allocator@D@2@@std@@@2@V?$allocator@V?$basic_string@DU?$char_traits@D@std@@V?$allocator@D@2@@std@@@2@$0A@@std@@@2@@Z 10026980 f i libtsk:yaffs.obj
 0001:000259f0       ?_Lrotate@?$_Tree@V?$_Tmap_traits@_KV?$map@IV?$map@I_JU?$less@I@std@@V?$allocator@U?$pair@$$CBI_J@std@@@2@@std@@U?$less@I@2@V?$allocator@U?$pair@$$CBIV?$map@I_JU?$less@I@std@@V?$allocator@U?$pair@$$CBI_J@std@@@2@@std@@@std@@@2@@std@@U?$less@_K@2@V?$allocator@U?$pair@$$CB_KV?$map@IV?$map@I_JU?$less@I@std@@V?$allocator@U?$pair@$$CBI_J@std@@@2@@std@@U?$less@I@2@V?$allocator@U?$pair@$$CBIV?$map@I_JU?$less@I@std@@V?$allocator@U?$pair@$$CBI_J@std@@@2@@std@@@std@@@2@@std@@@std@@@2@$0A@@std@@@std@@IAEXPAU_Node@?$_Tree_nod@V?$_Tmap_traits@_KV?$map@IV?$map@I_JU?$less@I@std@@V?$allocator@U?$pair@$$CBI_J@std@@@2@@std@@U?$less@I@2@V?$allocator@U?$pair@$$CBIV?$map@I_JU?$less@I@std@@V?$allocator@U?$pair@$$CBI_J@std@@@2@@std@@@std@@@2@@std@@U?$less@_K@2@V?$allocator@U?$pair@$$CB_KV?$map@IV?$map@I_JU?$less@I@std@@V?$allocator@U?$pair@$$CBI_J@std@@@2@@std@@U?$less@I@2@V?$allocator@U?$pair@$$CBIV?$map@I_JU?$less@I@std@@V?$allocator@U?$pair@$$CBI_J@std@@@2@@std@@@std@@@2@@std@@@std@@@2@$0A@@std@@@2@@Z 100269f0 f i libtsk:db_sqlite.obj
 0001:000259f0       ?_Lrotate@?$_Tree@V?$_Tmap_traits@_KVNTFS_PAR_MAP@@U?$less@_K@std@@V?$allocator@U?$pair@$$CB_KVNTFS_PAR_MAP@@@std@@@3@$0A@@std@@@std@@IAEXPAU_Node@?$_Tree_nod@V?$_Tmap_traits@_KVNTFS_PAR_MAP@@U?$less@_K@std@@V?$allocator@U?$pair@$$CB_KVNTFS_PAR_MAP@@@std@@@3@$0A@@std@@@2@@Z 100269f0 f i libtsk:ntfs_dent.obj
 0001:000259f0       ?_Lrotate@?$_Tree@V?$_Tmap_traits@_JV?$map@_KV?$map@IV?$map@I_JU?$less@I@std@@V?$allocator@U?$pair@$$CBI_J@std@@@2@@std@@U?$less@I@2@V?$allocator@U?$pair@$$CBIV?$map@I_JU?$less@I@std@@V?$allocator@U?$pair@$$CBI_J@std@@@2@@std@@@std@@@2@@std@@U?$less@_K@2@V?$allocator@U?$pair@$$CB_KV?$map@IV?$map@I_JU?$less@I@std@@V?$allocator@U?$pair@$$CBI_J@std@@@2@@std@@U?$less@I@2@V?$allocator@U?$pair@$$CBIV?$map@I_JU?$less@I@std@@V?$allocator@U?$pair@$$CBI_J@std@@@2@@std@@@std@@@2@@std@@@std@@@2@@std@@U?$less@_J@2@V?$allocator@U?$pair@$$CB_JV?$map@_KV?$map@IV?$map@I_JU?$less@I@std@@V?$allocator@U?$pair@$$CBI_J@std@@@2@@std@@U?$less@I@2@V?$allocator@U?$pair@$$CBIV?$map@I_JU?$less@I@std@@V?$allocator@U?$pair@$$CBI_J@std@@@2@@std@@@std@@@2@@std@@U?$less@_K@2@V?$allocator@U?$pair@$$CB_KV?$map@IV?$map@I_JU?$less@I@std@@V?$allocator@U?$pair@$$CBI_J@std@@@2@@std@@U?$less@I@2@V?$allocator@U?$pair@$$CBIV?$map@I_JU?$less@I@std@@V?$allocator@U?$pair@$$CBI_J@std@@@2@@std@@@std@@@2@@std@@@std@@@2@@std@@@std@@@2@$0A@@std@@@std@@IAEXPAU_Node@?$_Tree_nod@V?$_Tmap_traits@_JV?$map@_KV?$map@IV?$map@I_JU?$less@I@std@@V?$allocator@U?$pair@$$CBI_J@std@@@2@@std@@U?$less@I@2@V?$allocator@U?$pair@$$CBIV?$map@I_JU?$less@I@std@@V?$allocator@U?$pair@$$CBI_J@std@@@2@@std@@@std@@@2@@std@@U?$less@_K@2@V?$allocator@U?$pair@$$CB_KV?$map@IV?$map@I_JU?$less@I@std@@V?$allocator@U?$pair@$$CBI_J@std@@@2@@std@@U?$less@I@2@V?$allocator@U?$pair@$$CBIV?$map@I_JU?$less@I@std@@V?$allocator@U?$pair@$$CBI_J@std@@@2@@std@@@std@@@2@@std@@@std@@@2@@std@@U?$less@_J@2@V?$allocator@U?$pair@$$CB_JV?$map@_KV?$map@IV?$map@I_JU?$less@I@std@@V?$allocator@U?$pair@$$CBI_J@std@@@2@@std@@U?$less@I@2@V?$allocator@U?$pair@$$CBIV?$map@I_JU?$less@I@std@@V?$allocator@U?$pair@$$CBI_J@std@@@2@@std@@@std@@@2@@std@@U?$less@_K@2@V?$allocator@U?$pair@$$CB_KV?$map@IV?$map@I_JU?$less@I@std@@V?$allocator@U?$pair@$$CBI_J@std@@@2@@std@@U?$less@I@2@V?$allocator@U?$pair@$$CBIV?$map@I_JU?$less@I@std@@V?$allocator@U?$pair@$$CBI_J@std@@@2@@std@@@std@@@2@@std@@@std@@@2@@std@@@std@@@2@$0A@@std@@@2@@Z 100269f0 f i libtsk:db_sqlite.obj
 0001:000259f0       ?_Lrotate@?$_Tree@V?$_Tset_traits@V?$basic_string@DU?$char_traits@D@std@@V?$allocator@D@2@@std@@U?$less@V?$basic_string@DU?$char_traits@D@std@@V?$allocator@D@2@@std@@@2@V?$allocator@V?$basic_string@DU?$char_traits@D@std@@V?$allocator@D@2@@std@@@2@$0A@@std@@@std@@IAEXPAU_Node@?$_Tree_nod@V?$_Tset_traits@V?$basic_string@DU?$char_traits@D@std@@V?$allocator@D@2@@std@@U?$less@V?$basic_string@DU?$char_traits@D@std@@V?$allocator@D@2@@std@@@2@V?$allocator@V?$basic_string@DU?$char_traits@D@std@@V?$allocator@D@2@@std@@@2@$0A@@std@@@2@@Z 100269f0 f i libtsk:yaffs.obj
 0001:00025a50       ??$_Dest_val@V?$allocator@U?$pair@$$CBV?$basic_string@DU?$char_traits@D@std@@V?$allocator@D@2@@std@@V12@@std@@@std@@U?$pair@$$CBV?$basic_string@DU?$char_traits@D@std@@V?$allocator@D@2@@std@@V12@@2@@std@@YAXAAV?$allocator@U?$pair@$$CBV?$basic_string@DU?$char_traits@D@std@@V?$allocator@D@2@@std@@V12@@std@@@0@PAU?$pair@$$CBV?$basic_string@DU?$char_traits@D@std@@V?$allocator@D@2@@std@@V12@@0@@Z 10026a50 f i libtsk:yaffs.obj
 0001:00025a50       ??1?$pair@$$CBV?$basic_string@DU?$char_traits@D@std@@V?$allocator@D@2@@std@@V12@@std@@QAE@XZ 10026a50 f i libtsk:yaffs.obj
 0001:00025aa0       ?_Linsert@?$_Tree@V?$_Tmap_traits@IU_YaffsCacheChunkGroup@@U?$less@I@std@@V?$allocator@U?$pair@$$CBIU_YaffsCacheChunkGroup@@@std@@@3@$0A@@std@@@std@@QAE?AU?$pair@V?$_Tree_iterator@V?$_Tree_val@V?$_Tmap_traits@IU_YaffsCacheChunkGroup@@U?$less@I@std@@V?$allocator@U?$pair@$$CBIU_YaffsCacheChunkGroup@@@std@@@3@$0A@@std@@@std@@@std@@_N@2@PAU_Node@?$_Tree_nod@V?$_Tmap_traits@IU_YaffsCacheChunkGroup@@U?$less@I@std@@V?$allocator@U?$pair@$$CBIU_YaffsCacheChunkGroup@@@std@@@3@$0A@@std@@@2@_N@Z 10026aa0 f i libtsk:yaffs.obj
 0001:00025b70       ?_Insert@?$_Tree@V?$_Tmap_traits@IU_YaffsCacheChunkGroup@@U?$less@I@std@@V?$allocator@U?$pair@$$CBIU_YaffsCacheChunkGroup@@@std@@@3@$0A@@std@@@std@@QAE?AV?$_Tree_iterator@V?$_Tree_val@V?$_Tmap_traits@IU_YaffsCacheChunkGroup@@U?$less@I@std@@V?$allocator@U?$pair@$$CBIU_YaffsCacheChunkGroup@@@std@@@3@$0A@@std@@@std@@@2@V?$_Tree_const_iterator@V?$_Tree_val@V?$_Tmap_traits@IU_YaffsCacheChunkGroup@@U?$less@I@std@@V?$allocator@U?$pair@$$CBIU_YaffsCacheChunkGroup@@@std@@@3@$0A@@std@@@std@@@2@PAU_Node@?$_Tree_nod@V?$_Tmap_traits@IU_YaffsCacheChunkGroup@@U?$less@I@std@@V?$allocator@U?$pair@$$CBIU_YaffsCacheChunkGroup@@@std@@@3@$0A@@std@@@2@@Z 10026b70 f i libtsk:yaffs.obj
 0001:00025c90       ?_Insert@?$_Tree@V?$_Tmap_traits@V?$basic_string@DU?$char_traits@D@std@@V?$allocator@D@2@@std@@V12@U?$less@V?$basic_string@DU?$char_traits@D@std@@V?$allocator@D@2@@std@@@2@V?$allocator@U?$pair@$$CBV?$basic_string@DU?$char_traits@D@std@@V?$allocator@D@2@@std@@V12@@std@@@2@$0A@@std@@@std@@QAE?AV?$_Tree_iterator@V?$_Tree_val@V?$_Tmap_traits@V?$basic_string@DU?$char_traits@D@std@@V?$allocator@D@2@@std@@V12@U?$less@V?$basic_string@DU?$char_traits@D@std@@V?$allocator@D@2@@std@@@2@V?$allocator@U?$pair@$$CBV?$basic_string@DU?$char_traits@D@std@@V?$allocator@D@2@@std@@V12@@std@@@2@$0A@@std@@@std@@@2@V?$_Tree_const_iterator@V?$_Tree_val@V?$_Tmap_traits@V?$basic_string@DU?$char_traits@D@std@@V?$allocator@D@2@@std@@V12@U?$less@V?$basic_string@DU?$char_traits@D@std@@V?$allocator@D@2@@std@@@2@V?$allocator@U?$pair@$$CBV?$basic_string@DU?$char_traits@D@std@@V?$allocator@D@2@@std@@V12@@std@@@2@$0A@@std@@@std@@@2@PAU_Node@?$_Tree_nod@V?$_Tmap_traits@V?$basic_string@DU?$char_traits@D@std@@V?$allocator@D@2@@std@@V12@U?$less@V?$basic_string@DU?$char_traits@D@std@@V?$allocator@D@2@@std@@@2@V?$allocator@U?$pair@$$CBV?$basic_string@DU?$char_traits@D@std@@V?$allocator@D@2@@std@@V12@@std@@@2@$0A@@std@@@2@@Z 10026c90 f i libtsk:yaffs.obj
 0001:00025df0       ?_Linsert@?$_Tree@V?$_Tset_traits@V?$basic_string@DU?$char_traits@D@std@@V?$allocator@D@2@@std@@U?$less@V?$basic_string@DU?$char_traits@D@std@@V?$allocator@D@2@@std@@@2@V?$allocator@V?$basic_string@DU?$char_traits@D@std@@V?$allocator@D@2@@std@@@2@$0A@@std@@@std@@QAE?AU?$pair@V?$_Tree_const_iterator@V?$_Tree_val@V?$_Tset_traits@V?$basic_string@DU?$char_traits@D@std@@V?$allocator@D@2@@std@@U?$less@V?$basic_string@DU?$char_traits@D@std@@V?$allocator@D@2@@std@@@2@V?$allocator@V?$basic_string@DU?$char_traits@D@std@@V?$allocator@D@2@@std@@@2@$0A@@std@@@std@@@std@@_N@2@PAU_Node@?$_Tree_nod@V?$_Tset_traits@V?$basic_string@DU?$char_traits@D@std@@V?$allocator@D@2@@std@@U?$less@V?$basic_string@DU?$char_traits@D@std@@V?$allocator@D@2@@std@@@2@V?$allocator@V?$basic_string@DU?$char_traits@D@std@@V?$allocator@D@2@@std@@@2@$0A@@std@@@2@_N@Z 10026df0 f i libtsk:yaffs.obj
 0001:00025f20       ?_Insert@?$_Tree@V?$_Tmap_traits@IU_YaffsCacheChunkGroup@@U?$less@I@std@@V?$allocator@U?$pair@$$CBIU_YaffsCacheChunkGroup@@@std@@@3@$0A@@std@@@std@@IAE?AV?$_Tree_iterator@V?$_Tree_val@V?$_Tmap_traits@IU_YaffsCacheChunkGroup@@U?$less@I@std@@V?$allocator@U?$pair@$$CBIU_YaffsCacheChunkGroup@@@std@@@3@$0A@@std@@@std@@@2@_NPAU_Node@?$_Tree_nod@V?$_Tmap_traits@IU_YaffsCacheChunkGroup@@U?$less@I@std@@V?$allocator@U?$pair@$$CBIU_YaffsCacheChunkGroup@@@std@@@3@$0A@@std@@@2@1@Z 10026f20 f i libtsk:yaffs.obj
 0001:00026100       ?_Linsert@?$_Tree@V?$_Tmap_traits@V?$basic_string@DU?$char_traits@D@std@@V?$allocator@D@2@@std@@V12@U?$less@V?$basic_string@DU?$char_traits@D@std@@V?$allocator@D@2@@std@@@2@V?$allocator@U?$pair@$$CBV?$basic_string@DU?$char_traits@D@std@@V?$allocator@D@2@@std@@V12@@std@@@2@$0A@@std@@@std@@QAE?AU?$pair@V?$_Tree_iterator@V?$_Tree_val@V?$_Tmap_traits@V?$basic_string@DU?$char_traits@D@std@@V?$allocator@D@2@@std@@V12@U?$less@V?$basic_string@DU?$char_traits@D@std@@V?$allocator@D@2@@std@@@2@V?$allocator@U?$pair@$$CBV?$basic_string@DU?$char_traits@D@std@@V?$allocator@D@2@@std@@V12@@std@@@2@$0A@@std@@@std@@@std@@_N@2@PAU_Node@?$_Tree_nod@V?$_Tmap_traits@V?$basic_string@DU?$char_traits@D@std@@V?$allocator@D@2@@std@@V12@U?$less@V?$basic_string@DU?$char_traits@D@std@@V?$allocator@D@2@@std@@@2@V?$allocator@U?$pair@$$CBV?$basic_string@DU?$char_traits@D@std@@V?$allocator@D@2@@std@@V12@@std@@@2@$0A@@std@@@2@_N@Z 10027100 f i libtsk:yaffs.obj
 0001:00026240       ?_Insert@?$_Tree@V?$_Tmap_traits@V?$basic_string@DU?$char_traits@D@std@@V?$allocator@D@2@@std@@V12@U?$less@V?$basic_string@DU?$char_traits@D@std@@V?$allocator@D@2@@std@@@2@V?$allocator@U?$pair@$$CBV?$basic_string@DU?$char_traits@D@std@@V?$allocator@D@2@@std@@V12@@std@@@2@$0A@@std@@@std@@IAE?AV?$_Tree_iterator@V?$_Tree_val@V?$_Tmap_traits@V?$basic_string@DU?$char_traits@D@std@@V?$allocator@D@2@@std@@V12@U?$less@V?$basic_string@DU?$char_traits@D@std@@V?$allocator@D@2@@std@@@2@V?$allocator@U?$pair@$$CBV?$basic_string@DU?$char_traits@D@std@@V?$allocator@D@2@@std@@V12@@std@@@2@$0A@@std@@@std@@@2@_NPAU_Node@?$_Tree_nod@V?$_Tmap_traits@V?$basic_string@DU?$char_traits@D@std@@V?$allocator@D@2@@std@@V12@U?$less@V?$basic_string@DU?$char_traits@D@std@@V?$allocator@D@2@@std@@@2@V?$allocator@U?$pair@$$CBV?$basic_string@DU?$char_traits@D@std@@V?$allocator@D@2@@std@@V12@@std@@@2@$0A@@std@@@2@1@Z 10027240 f i libtsk:yaffs.obj
 0001:00026420       ?_Insert@?$_Tree@V?$_Tset_traits@V?$basic_string@DU?$char_traits@D@std@@V?$allocator@D@2@@std@@U?$less@V?$basic_string@DU?$char_traits@D@std@@V?$allocator@D@2@@std@@@2@V?$allocator@V?$basic_string@DU?$char_traits@D@std@@V?$allocator@D@2@@std@@@2@$0A@@std@@@std@@IAE?AV?$_Tree_const_iterator@V?$_Tree_val@V?$_Tset_traits@V?$basic_string@DU?$char_traits@D@std@@V?$allocator@D@2@@std@@U?$less@V?$basic_string@DU?$char_traits@D@std@@V?$allocator@D@2@@std@@@2@V?$allocator@V?$basic_string@DU?$char_traits@D@std@@V?$allocator@D@2@@std@@@2@$0A@@std@@@std@@@2@_NPAU_Node@?$_Tree_nod@V?$_Tset_traits@V?$basic_string@DU?$char_traits@D@std@@V?$allocator@D@2@@std@@U?$less@V?$basic_string@DU?$char_traits@D@std@@V?$allocator@D@2@@std@@@2@V?$allocator@V?$basic_string@DU?$char_traits@D@std@@V?$allocator@D@2@@std@@@2@$0A@@std@@@2@1@Z 10027420 f i libtsk:yaffs.obj
 0001:00026630       ??F?$_Tree_unchecked_const_iterator@V?$_Tree_val@V?$_Tmap_traits@IU_YaffsCacheChunkGroup@@U?$less@I@std@@V?$allocator@U?$pair@$$CBIU_YaffsCacheChunkGroup@@@std@@@3@$0A@@std@@@std@@U_Iterator_base0@2@@std@@QAEAAV01@XZ 10027630 f i libtsk:yaffs.obj
 0001:00026690       ??F?$_Tree_unchecked_const_iterator@V?$_Tree_val@V?$_Tmap_traits@V?$basic_string@DU?$char_traits@D@std@@V?$allocator@D@2@@std@@V12@U?$less@V?$basic_string@DU?$char_traits@D@std@@V?$allocator@D@2@@std@@@2@V?$allocator@U?$pair@$$CBV?$basic_string@DU?$char_traits@D@std@@V?$allocator@D@2@@std@@V12@@std@@@2@$0A@@std@@@std@@U_Iterator_base0@2@@std@@QAEAAV01@XZ 10027690 f i libtsk:yaffs.obj
 0001:000266f0       ??$_Buynode@U?$pair@$$CBIU_YaffsCacheChunkGroup@@@std@@@?$_Tree_val@V?$_Tmap_traits@IU_YaffsCacheChunkGroup@@U?$less@I@std@@V?$allocator@U?$pair@$$CBIU_YaffsCacheChunkGroup@@@std@@@3@$0A@@std@@@std@@QAEPAU_Node@?$_Tree_nod@V?$_Tmap_traits@IU_YaffsCacheChunkGroup@@U?$less@I@std@@V?$allocator@U?$pair@$$CBIU_YaffsCacheChunkGroup@@@std@@@3@$0A@@std@@@1@$$QAU?$pair@$$CBIU_YaffsCacheChunkGroup@@@1@@Z 100276f0 f i libtsk:yaffs.obj
 0001:000266f0       ??$_Buynode@U?$pair@IU_YaffsCacheChunkGroup@@@std@@@?$_Tree_val@V?$_Tmap_traits@IU_YaffsCacheChunkGroup@@U?$less@I@std@@V?$allocator@U?$pair@$$CBIU_YaffsCacheChunkGroup@@@std@@@3@$0A@@std@@@std@@QAEPAU_Node@?$_Tree_nod@V?$_Tmap_traits@IU_YaffsCacheChunkGroup@@U?$less@I@std@@V?$allocator@U?$pair@$$CBIU_YaffsCacheChunkGroup@@@std@@@3@$0A@@std@@@1@$$QAU?$pair@IU_YaffsCacheChunkGroup@@@1@@Z 100276f0 f i libtsk:yaffs.obj
 0001:00026760       ??$_Buynode@AAY0BA@$$CBD@?$_Tree_val@V?$_Tset_traits@V?$basic_string@DU?$char_traits@D@std@@V?$allocator@D@2@@std@@U?$less@V?$basic_string@DU?$char_traits@D@std@@V?$allocator@D@2@@std@@@2@V?$allocator@V?$basic_string@DU?$char_traits@D@std@@V?$allocator@D@2@@std@@@2@$0A@@std@@@std@@QAEPAU_Node@?$_Tree_nod@V?$_Tset_traits@V?$basic_string@DU?$char_traits@D@std@@V?$allocator@D@2@@std@@U?$less@V?$basic_string@DU?$char_traits@D@std@@V?$allocator@D@2@@std@@@2@V?$allocator@V?$basic_string@DU?$char_traits@D@std@@V?$allocator@D@2@@std@@@2@$0A@@std@@@1@AAY0BA@$$CBD@Z 10027760 f i libtsk:yaffs.obj
 0001:00026760       ??$_Buynode@AAY0BE@$$CBD@?$_Tree_val@V?$_Tset_traits@V?$basic_string@DU?$char_traits@D@std@@V?$allocator@D@2@@std@@U?$less@V?$basic_string@DU?$char_traits@D@std@@V?$allocator@D@2@@std@@@2@V?$allocator@V?$basic_string@DU?$char_traits@D@std@@V?$allocator@D@2@@std@@@2@$0A@@std@@@std@@QAEPAU_Node@?$_Tree_nod@V?$_Tset_traits@V?$basic_string@DU?$char_traits@D@std@@V?$allocator@D@2@@std@@U?$less@V?$basic_string@DU?$char_traits@D@std@@V?$allocator@D@2@@std@@@2@V?$allocator@V?$basic_string@DU?$char_traits@D@std@@V?$allocator@D@2@@std@@@2@$0A@@std@@@1@AAY0BE@$$CBD@Z 10027760 f i libtsk:yaffs.obj
 0001:00026760       ??$_Buynode@AAY0BB@$$CBD@?$_Tree_val@V?$_Tset_traits@V?$basic_string@DU?$char_traits@D@std@@V?$allocator@D@2@@std@@U?$less@V?$basic_string@DU?$char_traits@D@std@@V?$allocator@D@2@@std@@@2@V?$allocator@V?$basic_string@DU?$char_traits@D@std@@V?$allocator@D@2@@std@@@2@$0A@@std@@@std@@QAEPAU_Node@?$_Tree_nod@V?$_Tset_traits@V?$basic_string@DU?$char_traits@D@std@@V?$allocator@D@2@@std@@U?$less@V?$basic_string@DU?$char_traits@D@std@@V?$allocator@D@2@@std@@@2@V?$allocator@V?$basic_string@DU?$char_traits@D@std@@V?$allocator@D@2@@std@@@2@$0A@@std@@@1@AAY0BB@$$CBD@Z 10027760 f i libtsk:yaffs.obj
 0001:00026760       ??$_Buynode@AAY0BH@$$CBD@?$_Tree_val@V?$_Tset_traits@V?$basic_string@DU?$char_traits@D@std@@V?$allocator@D@2@@std@@U?$less@V?$basic_string@DU?$char_traits@D@std@@V?$allocator@D@2@@std@@@2@V?$allocator@V?$basic_string@DU?$char_traits@D@std@@V?$allocator@D@2@@std@@@2@$0A@@std@@@std@@QAEPAU_Node@?$_Tree_nod@V?$_Tset_traits@V?$basic_string@DU?$char_traits@D@std@@V?$allocator@D@2@@std@@U?$less@V?$basic_string@DU?$char_traits@D@std@@V?$allocator@D@2@@std@@@2@V?$allocator@V?$basic_string@DU?$char_traits@D@std@@V?$allocator@D@2@@std@@@2@$0A@@std@@@1@AAY0BH@$$CBD@Z 10027760 f i libtsk:yaffs.obj
 0001:00026760       ??$_Buynode@AAY0BF@$$CBD@?$_Tree_val@V?$_Tset_traits@V?$basic_string@DU?$char_traits@D@std@@V?$allocator@D@2@@std@@U?$less@V?$basic_string@DU?$char_traits@D@std@@V?$allocator@D@2@@std@@@2@V?$allocator@V?$basic_string@DU?$char_traits@D@std@@V?$allocator@D@2@@std@@@2@$0A@@std@@@std@@QAEPAU_Node@?$_Tree_nod@V?$_Tset_traits@V?$basic_string@DU?$char_traits@D@std@@V?$allocator@D@2@@std@@U?$less@V?$basic_string@DU?$char_traits@D@std@@V?$allocator@D@2@@std@@@2@V?$allocator@V?$basic_string@DU?$char_traits@D@std@@V?$allocator@D@2@@std@@@2@$0A@@std@@@1@AAY0BF@$$CBD@Z 10027760 f i libtsk:yaffs.obj
 0001:00026760       ??$_Buynode@AAY0BG@$$CBD@?$_Tree_val@V?$_Tset_traits@V?$basic_string@DU?$char_traits@D@std@@V?$allocator@D@2@@std@@U?$less@V?$basic_string@DU?$char_traits@D@std@@V?$allocator@D@2@@std@@@2@V?$allocator@V?$basic_string@DU?$char_traits@D@std@@V?$allocator@D@2@@std@@@2@$0A@@std@@@std@@QAEPAU_Node@?$_Tree_nod@V?$_Tset_traits@V?$basic_string@DU?$char_traits@D@std@@V?$allocator@D@2@@std@@U?$less@V?$basic_string@DU?$char_traits@D@std@@V?$allocator@D@2@@std@@@2@V?$allocator@V?$basic_string@DU?$char_traits@D@std@@V?$allocator@D@2@@std@@@2@$0A@@std@@@1@AAY0BG@$$CBD@Z 10027760 f i libtsk:yaffs.obj
 0001:00026840       ??$_Buynode@U?$pair@$$CBV?$basic_string@DU?$char_traits@D@std@@V?$allocator@D@2@@std@@V12@@std@@@?$_Tree_val@V?$_Tmap_traits@V?$basic_string@DU?$char_traits@D@std@@V?$allocator@D@2@@std@@V12@U?$less@V?$basic_string@DU?$char_traits@D@std@@V?$allocator@D@2@@std@@@2@V?$allocator@U?$pair@$$CBV?$basic_string@DU?$char_traits@D@std@@V?$allocator@D@2@@std@@V12@@std@@@2@$0A@@std@@@std@@QAEPAU_Node@?$_Tree_nod@V?$_Tmap_traits@V?$basic_string@DU?$char_traits@D@std@@V?$allocator@D@2@@std@@V12@U?$less@V?$basic_string@DU?$char_traits@D@std@@V?$allocator@D@2@@std@@@2@V?$allocator@U?$pair@$$CBV?$basic_string@DU?$char_traits@D@std@@V?$allocator@D@2@@std@@V12@@std@@@2@$0A@@std@@@1@$$QAU?$pair@$$CBV?$basic_string@DU?$char_traits@D@std@@V?$allocator@D@2@@std@@V12@@1@@Z 10027840 f i libtsk:yaffs.obj
 0001:00028fc0       _ext2fs_inode_walk         10029fc0 f   libtsk:ext2fs.obj
 0001:00029520       _ext2fs_block_getflags     1002a520 f   libtsk:ext2fs.obj
 0001:00029f80       _ext2fs_block_walk         1002af80 f   libtsk:ext2fs.obj
 0001:00030880       _ext2fs_open               10031880 f   libtsk:ext2fs.obj
 0001:00031a40       _hfs_checked_read_random   10032a40 f   libtsk:hfs.obj
 0001:00031b40       _hfs_get_idxkeylen         10032b40 f   libtsk:hfs.obj
 0001:00032730       _hfs_cat_compare_keys      10033730 f   libtsk:hfs.obj
 0001:000327e0       _hfs_cat_traverse          100337e0 f   libtsk:hfs.obj
 0001:000330f0       _hfs_cat_read_thread_record 100340f0 f   libtsk:hfs.obj
 0001:000332a0       _hfs_cat_read_file_folder_record 100342a0 f   libtsk:hfs.obj
 0001:00033610       _hfs_follow_hard_link      10034610 f   libtsk:hfs.obj
 0001:00033ac0       _hfs_cat_file_lookup       10034ac0 f   libtsk:hfs.obj
 0001:00036f40       _hfs_attr_walk_special     10037f40 f   libtsk:hfs.obj
 0001:00037700       _hfs_file_read_special     10038700 f   libtsk:hfs.obj
 0001:00038f50       _free_res_descriptor       10039f50 f   libtsk:hfs.obj
 0001:0003a3d0       _hfs_block_getflags        1003b3d0 f   libtsk:hfs.obj
 0001:0003a650       _hfs_inode_walk            1003b650 f   libtsk:hfs.obj
 0001:0003d6c0       _hfs_open                  1003e6c0 f   libtsk:hfs.obj
 0001:0003e2b0       _error_detected            1003f2b0 f   libtsk:hfs.obj
 0001:0003e360       _error_returned            1003f360 f   libtsk:hfs.obj
 0001:0003e3f0       _nt2unixtime               1003f3f0 f   libtsk:ntfs.obj
 0001:0003e450       _ntfs_dinode_lookup        1003f450 f   libtsk:ntfs.obj
 0001:00044160       _ntfs_attrname_lookup      10045160 f   libtsk:ntfs.obj
 0001:00049db0       _ntfs_open                 1004adb0 f   libtsk:ntfs.obj
 0001:0004abe0       _tsk_list_add              1004bbe0 f   libtsk:tsk_list.obj
 0001:0004ad80       _tsk_list_find             1004bd80 f   libtsk:tsk_list.obj
 0001:0004ade0       _tsk_list_free             1004bde0 f   libtsk:tsk_list.obj
 0001:0004ae10       _swapfs_open               1004be10 f   libtsk:swapfs.obj
 0001:0004e000       _ffs_inode_walk            1004f000 f   libtsk:ffs.obj
 0001:0004e6d0       _ffs_block_getflags        1004f6d0 f   libtsk:ffs.obj
 0001:0004ed10       _ffs_block_walk            1004fd10 f   libtsk:ffs.obj
 0001:00053a60       _ffs_jentry_walk           10054a60 f   libtsk:ffs.obj
 0001:00053a60       _ffs_jblk_walk             10054a60 f   libtsk:ffs.obj
 0001:00053a60       _ffs_jopen                 10054a60 f   libtsk:ffs.obj
 0001:00053b20       _ffs_open                  10054b20 f   libtsk:ffs.obj
 0001:000544b0       _rawfs_open                100554b0 f   libtsk:rawfs.obj
 0001:00054940       _ewf_open                  10055940 f   libtsk:ewf.obj
 0001:000552e0       _vhdi_open                 100562e0 f   libtsk:vhd.obj
 0001:00056230       _raw_open                  10057230 f   libtsk:raw.obj
 0001:00056ac0       _vmdk_open                 10057ac0 f   libtsk:vmdk.obj
 0001:00056fe0       ??1TskDb@@UAE@XZ           10057fe0 f i libtsk:db_sqlite.obj
 0001:00056ff0       ??_ETskDb@@UAEPAXI@Z       10057ff0 f i  CIL library: CIL module
 0001:00056ff0       ??_GTskDb@@UAEPAXI@Z       10057ff0 f i libtsk:db_sqlite.obj
 0001:00057020       ??_ETskDbSqlite@@UAEPAXI@Z 10058020 f i  CIL library: CIL module
 0001:00057020       ??_GTskDbSqlite@@UAEPAXI@Z 10058020 f i libtsk:db_sqlite.obj
 0001:000570c0       ??1?$map@_JV?$map@_KV?$map@IV?$map@I_JU?$less@I@std@@V?$allocator@U?$pair@$$CBI_J@std@@@2@@std@@U?$less@I@2@V?$allocator@U?$pair@$$CBIV?$map@I_JU?$less@I@std@@V?$allocator@U?$pair@$$CBI_J@std@@@2@@std@@@std@@@2@@std@@U?$less@_K@2@V?$allocator@U?$pair@$$CB_KV?$map@IV?$map@I_JU?$less@I@std@@V?$allocator@U?$pair@$$CBI_J@std@@@2@@std@@U?$less@I@2@V?$allocator@U?$pair@$$CBIV?$map@I_JU?$less@I@std@@V?$allocator@U?$pair@$$CBI_J@std@@@2@@std@@@std@@@2@@std@@@std@@@2@@std@@U?$less@_J@2@V?$allocator@U?$pair@$$CB_JV?$map@_KV?$map@IV?$map@I_JU?$less@I@std@@V?$allocator@U?$pair@$$CBI_J@std@@@2@@std@@U?$less@I@2@V?$allocator@U?$pair@$$CBIV?$map@I_JU?$less@I@std@@V?$allocator@U?$pair@$$CBI_J@std@@@2@@std@@@std@@@2@@std@@U?$less@_K@2@V?$allocator@U?$pair@$$CB_KV?$map@IV?$map@I_JU?$less@I@std@@V?$allocator@U?$pair@$$CBI_J@std@@@2@@std@@U?$less@I@2@V?$allocator@U?$pair@$$CBIV?$map@I_JU?$less@I@std@@V?$allocator@U?$pair@$$CBI_J@std@@@2@@std@@@std@@@2@@std@@@std@@@2@@std@@@std@@@2@@std@@QAE@XZ 100580c0 f i libtsk:db_sqlite.obj
 0001:00057120       ??0TskDbSqlite@@QAE@PB_W_N@Z 10058120 f   libtsk:db_sqlite.obj
 0001:00057210       ?close@TskDbSqlite@@UAEHXZ 10058210 f   libtsk:db_sqlite.obj
 0001:00057280       ?attempt@TskDbSqlite@@AAEHHHPBD@Z 10058280 f   libtsk:db_sqlite.obj
 0001:00057300       ?attempt_exec@TskDbSqlite@@AAEHPBD0@Z 10058300 f   libtsk:db_sqlite.obj
 0001:00057370       ?prepare_stmt@TskDbSqlite@@AAEHPBDPAPAUsqlite3_stmt@@@Z 10058370 f   libtsk:db_sqlite.obj
 0001:00057410       ?addObject@TskDbSqlite@@AAEEW4TSK_DB_OBJECT_TYPE_ENUM@@_JAA_J@Z 10058410 f   libtsk:db_sqlite.obj
 0001:000574f0       ?initialize@TskDbSqlite@@AAEHXZ 100584f0 f   libtsk:db_sqlite.obj
 0001:00057950       ?createIndexes@TskDbSqlite@@AAEHXZ 10058950 f   libtsk:db_sqlite.obj
 0001:00057a40       ?open@TskDbSqlite@@UAEH_N@Z 10058a40 f   libtsk:db_sqlite.obj
 0001:00057b50       ?addImageInfo@TskDbSqlite@@UAEHHHAA_JABV?$basic_string@DU?$char_traits@D@std@@V?$allocator@D@2@@std@@_J1@Z 10058b50 f   libtsk:db_sqlite.obj
 0001:00057c10       ?addImageInfo@TskDbSqlite@@UAEHH_JAA_JABV?$basic_string@DU?$char_traits@D@std@@V?$allocator@D@2@@std@@022@Z 10058c10 f   libtsk:db_sqlite.obj
 0001:00057f40       ?_Tidy@?$vector@VNTFS_META_ADDR@@V?$allocator@VNTFS_META_ADDR@@@std@@@std@@IAEXXZ 10058f40 f i libtsk:ntfs_dent.obj
 0001:00057f40       ??1?$vector@U_TSK_DB_VS_PART_INFO@@V?$allocator@U_TSK_DB_VS_PART_INFO@@@std@@@std@@QAE@XZ 10058f40 f i libtsk:auto_db.obj
 0001:00057f40       ??1?$vector@U_TSK_DB_FILE_LAYOUT_RANGE@@V?$allocator@U_TSK_DB_FILE_LAYOUT_RANGE@@@std@@@std@@QAE@XZ 10058f40 f i libtsk:auto_db.obj
 0001:00057f40       ??1?$vector@VNTFS_META_ADDR@@V?$allocator@VNTFS_META_ADDR@@@std@@@std@@QAE@XZ 10058f40 f i libtsk:ntfs_dent.obj
 0001:00057f40       ??1Guid@@QAE@XZ            10058f40 f i libtsk:db_sqlite.obj
 0001:00057f40       ??1?$vector@U_TSK_DB_FS_INFO@@V?$allocator@U_TSK_DB_FS_INFO@@@std@@@std@@QAE@XZ 10058f40 f i libtsk:auto_db.obj
 0001:00057f40       ??1?$vector@EV?$allocator@E@std@@@std@@QAE@XZ 10058f40 f i libtsk:db_sqlite.obj
 0001:00057f70       ?addImageName@TskDbSqlite@@UAEH_JPBDH@Z 10058f70 f   libtsk:db_sqlite.obj
 0001:00058020       ?addVsInfo@TskDbSqlite@@UAEHPBUTSK_VS_INFO@@_JAA_J@Z 10059020 f   libtsk:db_sqlite.obj
 0001:00058110       ?addVolumeInfo@TskDbSqlite@@UAEHPBUTSK_VS_PART_INFO@@_JAA_J@Z 10059110 f   libtsk:db_sqlite.obj
 0001:000581f0       ?addFsInfo@TskDbSqlite@@UAEHPBUTSK_FS_INFO@@_JAA_J@Z 100591f0 f   libtsk:db_sqlite.obj
 0001:00058300       ?addFsFile@TskDbSqlite@@UAEHPAUTSK_FS_FILE@@PBUTSK_FS_ATTR@@PBDQBEW4TSK_DB_FILES_KNOWN_ENUM@@_JAA_J5@Z 10059300 f   libtsk:db_sqlite.obj
 0001:000583b0       ?storeObjId@TskDbSqlite@@AAEXAB_JPBUTSK_FS_FILE@@PBD0@Z 100593b0 f   libtsk:db_sqlite.obj
 0001:00058510       ?findParObjId@TskDbSqlite@@AAE_JPBUTSK_FS_FILE@@PBDAB_J@Z 10059510 f   libtsk:db_sqlite.obj
 0001:000587b0       ?addFile@TskDbSqlite@@AAEHPAUTSK_FS_FILE@@PBUTSK_FS_ATTR@@PBDQBEW4TSK_DB_FILES_KNOWN_ENUM@@_J5AA_J5@Z 100597b0 f   libtsk:db_sqlite.obj
 0001:00058d10       ?createSavepoint@TskDbSqlite@@UAEHPBD@Z 10059d10 f   libtsk:db_sqlite.obj
 0001:00058de0       ?revertSavepoint@TskDbSqlite@@UAEHPBD@Z 10059de0 f   libtsk:db_sqlite.obj
 0001:00058ea0       ?releaseSavepoint@TskDbSqlite@@UAEHPBD@Z 10059ea0 f   libtsk:db_sqlite.obj
 0001:00058f70       ?addFileLayoutRange@TskDbSqlite@@UAEH_J_K1H@Z 10059f70 f   libtsk:db_sqlite.obj
 0001:00059050       ?addLayoutFileInfo@TskDbSqlite@@AAE?AW4TSK_RETVAL_ENUM@@_J0W4TSK_DB_FILES_TYPE_ENUM@@PBD_KAA_J_J@Z 1005a050 f   libtsk:db_sqlite.obj
 0001:00059180       ?isDbOpen@TskDbSqlite@@UAE_NXZ 1005a180 f   libtsk:db_sqlite.obj
 0001:00059190       ?dbExists@TskDbSqlite@@UAE_NXZ 1005a190 f   libtsk:db_sqlite.obj
 0001:00059210       ?inTransaction@TskDbSqlite@@UAE_NXZ 1005a210 f   libtsk:db_sqlite.obj
 0001:00059220       ?addUnallocBlockFile@TskDbSqlite@@UAE?AW4TSK_RETVAL_ENUM@@_J0_KAAV?$vector@U_TSK_DB_FILE_LAYOUT_RANGE@@V?$allocator@U_TSK_DB_FILE_LAYOUT_RANGE@@@std@@@std@@AA_J_J@Z 1005a220 f   libtsk:db_sqlite.obj
 0001:00059260       ?addUnusedBlockFile@TskDbSqlite@@UAE?AW4TSK_RETVAL_ENUM@@_J0_KAAV?$vector@U_TSK_DB_FILE_LAYOUT_RANGE@@V?$allocator@U_TSK_DB_FILE_LAYOUT_RANGE@@@std@@@std@@AA_J_J@Z 1005a260 f   libtsk:db_sqlite.obj
 0001:000592a0       ?addCarvedFile@TskDbSqlite@@UAE?AW4TSK_RETVAL_ENUM@@_J0_KAAV?$vector@U_TSK_DB_FILE_LAYOUT_RANGE@@V?$allocator@U_TSK_DB_FILE_LAYOUT_RANGE@@@std@@@std@@AA_J_J@Z 1005a2a0 f   libtsk:db_sqlite.obj
 0001:000592e0       ?addVirtualDir@TskDbSqlite@@UAE?AW4TSK_RETVAL_ENUM@@_J0QBDAA_J_J@Z 1005a2e0 f   libtsk:db_sqlite.obj
 0001:000593b0       ?addFileWithLayoutRange@TskDbSqlite@@AAE?AW4TSK_RETVAL_ENUM@@W4TSK_DB_FILES_TYPE_ENUM@@_J1_KAAV?$vector@U_TSK_DB_FILE_LAYOUT_RANGE@@V?$allocator@U_TSK_DB_FILE_LAYOUT_RANGE@@@std@@@std@@AA_J_J@Z 1005a3b0 f   libtsk:db_sqlite.obj
 0001:00059790       ?getFileLayouts@TskDbSqlite@@UAE?AW4TSK_RETVAL_ENUM@@AAV?$vector@U_TSK_DB_FILE_LAYOUT_RANGE@@V?$allocator@U_TSK_DB_FILE_LAYOUT_RANGE@@@std@@@std@@@Z 1005a790 f   libtsk:db_sqlite.obj
 0001:00059ed0       ?getFsInfos@TskDbSqlite@@UAE?AW4TSK_RETVAL_ENUM@@_JAAV?$vector@U_TSK_DB_FS_INFO@@V?$allocator@U_TSK_DB_FS_INFO@@@std@@@std@@@Z 1005aed0 f   libtsk:db_sqlite.obj
 0001:0005a9d0       ?getVsInfos@TskDbSqlite@@UAE?AW4TSK_RETVAL_ENUM@@_JAAV?$vector@U_TSK_DB_VS_INFO@@V?$allocator@U_TSK_DB_VS_INFO@@@std@@@std@@@Z 1005b9d0 f   libtsk:db_sqlite.obj
 0001:0005b000       ?getVsPartInfos@TskDbSqlite@@UAE?AW4TSK_RETVAL_ENUM@@_JAAV?$vector@U_TSK_DB_VS_PART_INFO@@V?$allocator@U_TSK_DB_VS_PART_INFO@@@std@@@std@@@Z 1005c000 f   libtsk:db_sqlite.obj
 0001:0005b7e0       ?getObjectInfo@TskDbSqlite@@UAE?AW4TSK_RETVAL_ENUM@@_JAAU_TSK_DB_OBJECT@@@Z 1005c7e0 f   libtsk:db_sqlite.obj
 0001:0005b8b0       ?getVsInfo@TskDbSqlite@@UAE?AW4TSK_RETVAL_ENUM@@_JAAU_TSK_DB_VS_INFO@@@Z 1005c8b0 f   libtsk:db_sqlite.obj
 0001:0005b990       ?getParentImageId@TskDbSqlite@@UAE?AW4TSK_RETVAL_ENUM@@_JAA_J@Z 1005c990 f   libtsk:db_sqlite.obj
 0001:0005b990       ?getParentImageId@TskDbPostgreSQL@@UAE?AW4TSK_RETVAL_ENUM@@_JAA_J@Z 1005c990 f   libtsk:db_postgresql.obj
 0001:0005ba50       ?getFsRootDirObjectInfo@TskDbSqlite@@UAE?AW4TSK_RETVAL_ENUM@@_JAAU_TSK_DB_OBJECT@@@Z 1005ca50 f   libtsk:db_sqlite.obj
[...]
 0001:000f5770       __unwindfunclet$?_Insert@?$_Tree@V?$_Tmap_traits@_KVNTFS_PAR_MAP@@U?$less@_K@std@@V?$allocator@U?$pair@$$CB_KVNTFS_PAR_MAP@@@std@@@3@$0A@@std@@@std@@IAE?AV?$_Tree_iterator@V?$_Tree_val@V?$_Tmap_traits@_KVNTFS_PAR_MAP@@U?$less@_K@std@@V?$allocator@U?$pair@$$CB_KVNTFS_PAR_MAP@@@std@@@3@$0A@@std@@@std@@@2@_NPAU_Node@?$_Tree_nod@V?$_Tmap_traits@_KVNTFS_PAR_MAP@@U?$less@_K@std@@V?$allocator@U?$pair@$$CB_KVNTFS_PAR_MAP@@@std@@@3@$0A@@std@@@2@1@Z$4 100f6770 f    CIL library: CIL module
 0001:000f5778       __ehhandler$?_Insert@?$_Tree@V?$_Tmap_traits@_JV?$map@_KV?$map@IV?$map@I_JU?$less@I@std@@V?$allocator@U?$pair@$$CBI_J@std@@@2@@std@@U?$less@I@2@V?$allocator@U?$pair@$$CBIV?$map@I_JU?$less@I@std@@V?$allocator@U?$pair@$$CBI_J@std@@@2@@std@@@std@@@2@@std@@U?$less@_K@2@V?$allocator@U?$pair@$$CB_KV?$map@IV?$map@I_JU?$less@I@std@@V?$allocator@U?$pair@$$CBI_J@std@@@2@@std@@U?$less@I@2@V?$allocator@U?$pair@$$CBIV?$map@I_JU?$less@I@std@@V?$allocator@U?$pair@$$CBI_J@std@@@2@@std@@@std@@@2@@std@@@std@@@2@@std@@U?$less@_J@2@V?$allocator@U?$pair@$$CB_JV?$map@_KV?$map@IV?$map@I_JU?$less@I@std@@V?$allocator@U?$pair@$$CBI_J@std@@@2@@std@@U?$less@I@2@V?$allocator@U?$pair@$$CBIV?$map@I_JU?$less@I@std@@V?$allocator@U?$pair@$$CBI_J@std@@@2@@std@@@std@@@2@@std@@U?$less@_K@2@V?$allocator@U?$pair@$$CB_KV?$map@IV?$map@I_JU?$less@I@std@@V?$allocator@U?$pair@$$CBI_J@std@@@2@@std@@U?$less@I@2@V?$allocator@U?$pair@$$CBIV?$map@I_JU?$less@I@std@@V?$allocator@U?$pair@$$CBI_J@std@@@2@@std@@@std@@@2@@std@@@std@@@2@@std@@@std@@@2@$0A@@std@@@std@@IAE?AV?$_Tree_iterator@V?$_Tree_val@V?$_Tmap_traits@_JV?$map@_KV?$map@IV?$map@I_JU?$less@I@std@@V?$allocator@U?$pair@$$CBI_J@std@@@2@@std@@U?$less@I@2@V?$allocator@U?$pair@$$CBIV?$map@I_JU?$less@I@std@@V?$allocator@U?$pair@$$CBI_J@std@@@2@@std@@@std@@@2@@std@@U?$less@_K@2@V?$allocator@U?$pair@$$CB_KV?$map@IV?$map@I_JU?$less@I@std@@V?$allocator@U?$pair@$$CBI_J@std@@@2@@std@@U?$less@I@2@V?$allocator@U?$pair@$$CBIV?$map@I_JU?$less@I@std@@V?$allocator@U?$pair@$$CBI_J@std@@@2@@std@@@std@@@2@@std@@@std@@@2@@std@@U?$less@_J@2@V?$allocator@U?$pair@$$CB_JV?$map@_KV?$map@IV?$map@I_JU?$less@I@std@@V?$allocator@U?$pair@$$CBI_J@std@@@2@@std@@U?$less@I@2@V?$allocator@U?$pair@$$CBIV?$map@I_JU?$less@I@std@@V?$allocator@U?$pair@$$CBI_J@std@@@2@@std@@@std@@@2@@std@@U?$less@_K@2@V?$allocator@U?$pair@$$CB_KV?$map@IV?$map@I_JU?$less@I@std@@V?$allocator@U?$pair@$$CBI_J@std@@@2@@std@@U?$less@I@2@V?$allocator@U?$pair@$$CBIV?$map@I_JU?$less@I@std@@V?$allocator@U?$pair@$$CBI_J@std@@@2@@std@@@std@@@2@@std@@@std@@@2@@std@@@std@@@2@$0A@@std@@@std@@@2@_NPAU_Node@?$_Tree_nod@V?$_Tmap_traits@_JV?$map@_KV?$map@IV?$map@I_JU?$less@I@std@@V?$allocator@U?$pair@$$CBI_J@std@@@2@@std@@U?$less@I@2@V?$allocator@U?$pair@$$CBIV?$map@I_JU?$less@I@std@@V?$allocator@U?$pair@$$CBI_J@std@@@2@@std@@@std@@@2@@std@@U?$less@_K@2@V?$allocator@U?$pair@$$CB_KV?$map@IV?$map@I_JU?$less@I@std@@V?$allocator@U?$pair@$$CBI_J@std@@@2@@std@@U?$less@I@2@V?$allocator@U?$pair@$$CBIV?$map@I_JU?$less@I@std@@V?$allocator@U?$pair@$$CBI_J@std@@@2@@std@@@std@@@2@@std@@@std@@@2@@std@@U?$less@_J@2@V?$allocator@U?$pair@$$CB_JV?$map@_KV?$map@IV?$map@I_JU?$less@I@std@@V?$allocator@U?$pair@$$CBI_J@std@@@2@@std@@U?$less@I@2@V?$allocator@U?$pair@$$CBIV?$map@I_JU?$less@I@std@@V?$allocator@U?$pair@$$CBI_J@std@@@2@@std@@@std@@@2@@std@@U?$less@_K@2@V?$allocator@U?$pair@$$CB_KV?$map@IV?$map@I_JU?$less@I@std@@V?$allocator@U?$pair@$$CBI_J@std@@@2@@std@@U?$less@I@2@V?$allocator@U?$pair@$$CBIV?$map@I_JU?$less@I@std@@V?$allocator@U?$pair@$$CBI_J@std@@@2@@std@@@std@@@2@@std@@@std@@@2@@std@@@std@@@2@$0A@@std@@@2@1@Z 100f6778 f    CIL library: CIL module
 0001:000f5778       __ehhandler$?_Insert@?$_Tree@V?$_Tmap_traits@_KV?$map@IV?$map@I_JU?$less@I@std@@V?$allocator@U?$pair@$$CBI_J@std@@@2@@std@@U?$less@I@2@V?$allocator@U?$pair@$$CBIV?$map@I_JU?$less@I@std@@V?$allocator@U?$pair@$$CBI_J@std@@@2@@std@@@std@@@2@@std@@U?$less@_K@2@V?$allocator@U?$pair@$$CB_KV?$map@IV?$map@I_JU?$less@I@std@@V?$allocator@U?$pair@$$CBI_J@std@@@2@@std@@U?$less@I@2@V?$allocator@U?$pair@$$CBIV?$map@I_JU?$less@I@std@@V?$allocator@U?$pair@$$CBI_J@std@@@2@@std@@@std@@@2@@std@@@std@@@2@$0A@@std@@@std@@IAE?AV?$_Tree_iterator@V?$_Tree_val@V?$_Tmap_traits@_KV?$map@IV?$map@I_JU?$less@I@std@@V?$allocator@U?$pair@$$CBI_J@std@@@2@@std@@U?$less@I@2@V?$allocator@U?$pair@$$CBIV?$map@I_JU?$less@I@std@@V?$allocator@U?$pair@$$CBI_J@std@@@2@@std@@@std@@@2@@std@@U?$less@_K@2@V?$allocator@U?$pair@$$CB_KV?$map@IV?$map@I_JU?$less@I@std@@V?$allocator@U?$pair@$$CBI_J@std@@@2@@std@@U?$less@I@2@V?$allocator@U?$pair@$$CBIV?$map@I_JU?$less@I@std@@V?$allocator@U?$pair@$$CBI_J@std@@@2@@std@@@std@@@2@@std@@@std@@@2@$0A@@std@@@std@@@2@_NPAU_Node@?$_Tree_nod@V?$_Tmap_traits@_KV?$map@IV?$map@I_JU?$less@I@std@@V?$allocator@U?$pair@$$CBI_J@std@@@2@@std@@U?$less@I@2@V?$allocator@U?$pair@$$CBIV?$map@I_JU?$less@I@std@@V?$allocator@U?$pair@$$CBI_J@std@@@2@@std@@@std@@@2@@std@@U?$less@_K@2@V?$allocator@U?$pair@$$CB_KV?$map@IV?$map@I_JU?$less@I@std@@V?$allocator@U?$pair@$$CBI_J@std@@@2@@std@@U?$less@I@2@V?$allocator@U?$pair@$$CBIV?$map@I_JU?$less@I@std@@V?$allocator@U?$pair@$$CBI_J@std@@@2@@std@@@std@@@2@@std@@@std@@@2@$0A@@std@@@2@1@Z 100f6778 f    CIL library: CIL module
 0001:000f5778       __ehhandler$?_Insert@?$_Tree@V?$_Tmap_traits@IV?$map@I_JU?$less@I@std@@V?$allocator@U?$pair@$$CBI_J@std@@@2@@std@@U?$less@I@2@V?$allocator@U?$pair@$$CBIV?$map@I_JU?$less@I@std@@V?$allocator@U?$pair@$$CBI_J@std@@@2@@std@@@std@@@2@$0A@@std@@@std@@IAE?AV?$_Tree_iterator@V?$_Tree_val@V?$_Tmap_traits@IV?$map@I_JU?$less@I@std@@V?$allocator@U?$pair@$$CBI_J@std@@@2@@std@@U?$less@I@2@V?$allocator@U?$pair@$$CBIV?$map@I_JU?$less@I@std@@V?$allocator@U?$pair@$$CBI_J@std@@@2@@std@@@std@@@2@$0A@@std@@@std@@@2@_NPAU_Node@?$_Tree_nod@V?$_Tmap_traits@IV?$map@I_JU?$less@I@std@@V?$allocator@U?$pair@$$CBI_J@std@@@2@@std@@U?$less@I@2@V?$allocator@U?$pair@$$CBIV?$map@I_JU?$less@I@std@@V?$allocator@U?$pair@$$CBI_J@std@@@2@@std@@@std@@@2@$0A@@std@@@2@1@Z 100f6778 f    CIL library: CIL module
 0001:000f5778       __ehhandler$?_Insert@?$_Tree@V?$_Tmap_traits@_KVNTFS_PAR_MAP@@U?$less@_K@std@@V?$allocator@U?$pair@$$CB_KVNTFS_PAR_MAP@@@std@@@3@$0A@@std@@@std@@IAE?AV?$_Tree_iterator@V?$_Tree_val@V?$_Tmap_traits@_KVNTFS_PAR_MAP@@U?$less@_K@std@@V?$allocator@U?$pair@$$CB_KVNTFS_PAR_MAP@@@std@@@3@$0A@@std@@@std@@@2@_NPAU_Node@?$_Tree_nod@V?$_Tmap_traits@_KVNTFS_PAR_MAP@@U?$less@_K@std@@V?$allocator@U?$pair@$$CB_KVNTFS_PAR_MAP@@@std@@@3@$0A@@std@@@2@1@Z 100f6778 f    CIL library: CIL module
 0001:000f57a0       __unwindfunclet$??A?$map@_JV?$map@_KV?$map@IV?$map@I_JU?$less@I@std@@V?$allocator@U?$pair@$$CBI_J@std@@@2@@std@@U?$less@I@2@V?$allocator@U?$pair@$$CBIV?$map@I_JU?$less@I@std@@V?$allocator@U?$pair@$$CBI_J@std@@@2@@std@@@std@@@2@@std@@U?$less@_K@2@V?$allocator@U?$pair@$$CB_KV?$map@IV?$map@I_JU?$less@I@std@@V?$allocator@U?$pair@$$CBI_J@std@@@2@@std@@U?$less@I@2@V?$allocator@U?$pair@$$CBIV?$map@I_JU?$less@I@std@@V?$allocator@U?$pair@$$CBI_J@std@@@2@@std@@@std@@@2@@std@@@std@@@2@@std@@U?$less@_J@2@V?$allocator@U?$pair@$$CB_JV?$map@_KV?$map@IV?$map@I_JU?$less@I@std@@V?$allocator@U?$pair@$$CBI_J@std@@@2@@std@@U?$less@I@2@V?$allocator@U?$pair@$$CBIV?$map@I_JU?$less@I@std@@V?$allocator@U?$pair@$$CBI_J@std@@@2@@std@@@std@@@2@@std@@U?$less@_K@2@V?$allocator@U?$pair@$$CB_KV?$map@IV?$map@I_JU?$less@I@std@@V?$allocator@U?$pair@$$CBI_J@std@@@2@@std@@U?$less@I@2@V?$allocator@U?$pair@$$CBIV?$map@I_JU?$less@I@std@@V?$allocator@U?$pair@$$CBI_J@std@@@2@@std@@@std@@@2@@std@@@std@@@2@@std@@@std@@@2@@std@@QAEAAV?$map@_KV?$map@IV?$map@I_JU?$less@I@std@@V?$allocator@U?$pair@$$CBI_J@std@@@2@@std@@U?$less@I@2@V?$allocator@U?$pair@$$CBIV?$map@I_JU?$less@I@std@@V?$allocator@U?$pair@$$CBI_J@std@@@2@@std@@@std@@@2@@std@@U?$less@_K@2@V?$allocator@U?$pair@$$CB_KV?$map@IV?$map@I_JU?$less@I@std@@V?$allocator@U?$pair@$$CBI_J@std@@@2@@std@@U?$less@I@2@V?$allocator@U?$pair@$$CBIV?$map@I_JU?$less@I@std@@V?$allocator@U?$pair@$$CBI_J@std@@@2@@std@@@std@@@2@@std@@@std@@@2@@1@AB_J@Z$0 100f67a0 f    CIL library: CIL module
 0001:000f57aa       __unwindfunclet$??A?$map@_JV?$map@_KV?$map@IV?$map@I_JU?$less@I@std@@V?$allocator@U?$pair@$$CBI_J@std@@@2@@std@@U?$less@I@2@V?$allocator@U?$pair@$$CBIV?$map@I_JU?$less@I@std@@V?$allocator@U?$pair@$$CBI_J@std@@@2@@std@@@std@@@2@@std@@U?$less@_K@2@V?$allocator@U?$pair@$$CB_KV?$map@IV?$map@I_JU?$less@I@std@@V?$allocator@U?$pair@$$CBI_J@std@@@2@@std@@U?$less@I@2@V?$allocator@U?$pair@$$CBIV?$map@I_JU?$less@I@std@@V?$allocator@U?$pair@$$CBI_J@std@@@2@@std@@@std@@@2@@std@@@std@@@2@@std@@U?$less@_J@2@V?$allocator@U?$pair@$$CB_JV?$map@_KV?$map@IV?$map@I_JU?$less@I@std@@V?$allocator@U?$pair@$$CBI_J@std@@@2@@std@@U?$less@I@2@V?$allocator@U?$pair@$$CBIV?$map@I_JU?$less@I@std@@V?$allocator@U?$pair@$$CBI_J@std@@@2@@std@@@std@@@2@@std@@U?$less@_K@2@V?$allocator@U?$pair@$$CB_KV?$map@IV?$map@I_JU?$less@I@std@@V?$allocator@U?$pair@$$CBI_J@std@@@2@@std@@U?$less@I@2@V?$allocator@U?$pair@$$CBIV?$map@I_JU?$less@I@std@@V?$allocator@U?$pair@$$CBI_J@std@@@2@@std@@@std@@@2@@std@@@std@@@2@@std@@@std@@@2@@std@@QAEAAV?$map@_KV?$map@IV?$map@I_JU?$less@I@std@@V?$allocator@U?$pair@$$CBI_J@std@@@2@@std@@U?$less@I@2@V?$allocator@U?$pair@$$CBIV?$map@I_JU?$less@I@std@@V?$allocator@U?$pair@$$CBI_J@std@@@2@@std@@@std@@@2@@std@@U?$less@_K@2@V?$allocator@U?$pair@$$CB_KV?$map@IV?$map@I_JU?$less@I@std@@V?$allocator@U?$pair@$$CBI_J@std@@@2@@std@@U?$less@I@2@V?$allocator@U?$pair@$$CBIV?$map@I_JU?$less@I@std@@V?$allocator@U?$pair@$$CBI_J@std@@@2@@std@@@std@@@2@@std@@@std@@@2@@1@AB_J@Z$1 100f67aa f    CIL library: CIL module
 0001:000f57b2       __unwindfunclet$??A?$map@_JV?$map@_KV?$map@IV?$map@I_JU?$less@I@std@@V?$allocator@U?$pair@$$CBI_J@std@@@2@@std@@U?$less@I@2@V?$allocator@U?$pair@$$CBIV?$map@I_JU?$less@I@std@@V?$allocator@U?$pair@$$CBI_J@std@@@2@@std@@@std@@@2@@std@@U?$less@_K@2@V?$allocator@U?$pair@$$CB_KV?$map@IV?$map@I_JU?$less@I@std@@V?$allocator@U?$pair@$$CBI_J@std@@@2@@std@@U?$less@I@2@V?$allocator@U?$pair@$$CBIV?$map@I_JU?$less@I@std@@V?$allocator@U?$pair@$$CBI_J@std@@@2@@std@@@std@@@2@@std@@@std@@@2@@std@@U?$less@_J@2@V?$allocator@U?$pair@$$CB_JV?$map@_KV?$map@IV?$map@I_JU?$less@I@std@@V?$allocator@U?$pair@$$CBI_J@std@@@2@@std@@U?$less@I@2@V?$allocator@U?$pair@$$CBIV?$map@I_JU?$less@I@std@@V?$allocator@U?$pair@$$CBI_J@std@@@2@@std@@@std@@@2@@std@@U?$less@_K@2@V?$allocator@U?$pair@$$CB_KV?$map@IV?$map@I_JU?$less@I@std@@V?$allocator@U?$pair@$$CBI_J@std@@@2@@std@@U?$less@I@2@V?$allocator@U?$pair@$$CBIV?$map@I_JU?$less@I@std@@V?$allocator@U?$pair@$$CBI_J@std@@@2@@std@@@std@@@2@@std@@@std@@@2@@std@@@std@@@2@@std@@QAEAAV?$map@_KV?$map@IV?$map@I_JU?$less@I@std@@V?$allocator@U?$pair@$$CBI_J@std@@@2@@std@@U?$less@I@2@V?$allocator@U?$pair@$$CBIV?$map@I_JU?$less@I@std@@V?$allocator@U?$pair@$$CBI_J@std@@@2@@std@@@std@@@2@@std@@U?$less@_K@2@V?$allocator@U?$pair@$$CB_KV?$map@IV?$map@I_JU?$less@I@std@@V?$allocator@U?$pair@$$CBI_J@std@@@2@@std@@U?$less@I@2@V?$allocator@U?$pair@$$CBIV?$map@I_JU?$less@I@std@@V?$allocator@U?$pair@$$CBI_J@std@@@2@@std@@@std@@@2@@std@@@std@@@2@@1@AB_J@Z$10 100f67b2 f    CIL library: CIL module
 0001:000f57ba       __unwindfunclet$??A?$map@_JV?$map@_KV?$map@IV?$map@I_JU?$less@I@std@@V?$allocator@U?$pair@$$CBI_J@std@@@2@@std@@U?$less@I@2@V?$allocator@U?$pair@$$CBIV?$map@I_JU?$less@I@std@@V?$allocator@U?$pair@$$CBI_J@std@@@2@@std@@@std@@@2@@std@@U?$less@_K@2@V?$allocator@U?$pair@$$CB_KV?$map@IV?$map@I_JU?$less@I@std@@V?$allocator@U?$pair@$$CBI_J@std@@@2@@std@@U?$less@I@2@V?$allocator@U?$pair@$$CBIV?$map@I_JU?$less@I@std@@V?$allocator@U?$pair@$$CBI_J@std@@@2@@std@@@std@@@2@@std@@@std@@@2@@std@@U?$less@_J@2@V?$allocator@U?$pair@$$CB_JV?$map@_KV?$map@IV?$map@I_JU?$less@I@std@@V?$allocator@U?$pair@$$CBI_J@std@@@2@@std@@U?$less@I@2@V?$allocator@U?$pair@$$CBIV?$map@I_JU?$less@I@std@@V?$allocator@U?$pair@$$CBI_J@std@@@2@@std@@@std@@@2@@std@@U?$less@_K@2@V?$allocator@U?$pair@$$CB_KV?$map@IV?$map@I_JU?$less@I@std@@V?$allocator@U?$pair@$$CBI_J@std@@@2@@std@@U?$less@I@2@V?$allocator@U?$pair@$$CBIV?$map@I_JU?$less@I@std@@V?$allocator@U?$pair@$$CBI_J@std@@@2@@std@@@std@@@2@@std@@@std@@@2@@std@@@std@@@2@@std@@QAEAAV?$map@_KV?$map@IV?$map@I_JU?$less@I@std@@V?$allocator@U?$pair@$$CBI_J@std@@@2@@std@@U?$less@I@2@V?$allocator@U?$pair@$$CBIV?$map@I_JU?$less@I@std@@V?$allocator@U?$pair@$$CBI_J@std@@@2@@std@@@std@@@2@@std@@U?$less@_K@2@V?$allocator@U?$pair@$$CB_KV?$map@IV?$map@I_JU?$less@I@std@@V?$allocator@U?$pair@$$CBI_J@std@@@2@@std@@U?$less@I@2@V?$allocator@U?$pair@$$CBIV?$map@I_JU?$less@I@std@@V?$allocator@U?$pair@$$CBI_J@std@@@2@@std@@@std@@@2@@std@@@std@@@2@@1@AB_J@Z$12 100f67ba f    CIL library: CIL module
 0001:000f57c2       __ehhandler$??A?$map@_JV?$map@_KV?$map@IV?$map@I_JU?$less@I@std@@V?$allocator@U?$pair@$$CBI_J@std@@@2@@std@@U?$less@I@2@V?$allocator@U?$pair@$$CBIV?$map@I_JU?$less@I@std@@V?$allocator@U?$pair@$$CBI_J@std@@@2@@std@@@std@@@2@@std@@U?$less@_K@2@V?$allocator@U?$pair@$$CB_KV?$map@IV?$map@I_JU?$less@I@std@@V?$allocator@U?$pair@$$CBI_J@std@@@2@@std@@U?$less@I@2@V?$allocator@U?$pair@$$CBIV?$map@I_JU?$less@I@std@@V?$allocator@U?$pair@$$CBI_J@std@@@2@@std@@@std@@@2@@std@@@std@@@2@@std@@U?$less@_J@2@V?$allocator@U?$pair@$$CB_JV?$map@_KV?$map@IV?$map@I_JU?$less@I@std@@V?$allocator@U?$pair@$$CBI_J@std@@@2@@std@@U?$less@I@2@V?$allocator@U?$pair@$$CBIV?$map@I_JU?$less@I@std@@V?$allocator@U?$pair@$$CBI_J@std@@@2@@std@@@std@@@2@@std@@U?$less@_K@2@V?$allocator@U?$pair@$$CB_KV?$map@IV?$map@I_JU?$less@I@std@@V?$allocator@U?$pair@$$CBI_J@std@@@2@@std@@U?$less@I@2@V?$allocator@U?$pair@$$CBIV?$map@I_JU?$less@I@std@@V?$allocator@U?$pair@$$CBI_J@std@@@2@@std@@@std@@@2@@std@@@std@@@2@@std@@@std@@@2@@std@@QAEAAV?$map@_KV?$map@IV?$map@I_JU?$less@I@std@@V?$allocator@U?$pair@$$CBI_J@std@@@2@@std@@U?$less@I@2@V?$allocator@U?$pair@$$CBIV?$map@I_JU?$less@I@std@@V?$allocator@U?$pair@$$CBI_J@std@@@2@@std@@@std@@@2@@std@@U?$less@_K@2@V?$allocator@U?$pair@$$CB_KV?$map@IV?$map@I_JU?$less@I@std@@V?$allocator@U?$pair@$$CBI_J@std@@@2@@std@@U?$less@I@2@V?$allocator@U?$pair@$$CBIV?$map@I_JU?$less@I@std@@V?$allocator@U?$pair@$$CBI_J@std@@@2@@std@@@std@@@2@@std@@@std@@@2@@1@AB_J@Z 100f67c2 f    CIL library: CIL module
 0001:000f57e0       __unwindfunclet$??0TskDbSqlite@@QAE@PB_W_N@Z$0 100f67e0 f    CIL library: CIL module
 0001:000f57e8       __unwindfunclet$??0TskDbSqlite@@QAE@PB_W_N@Z$1 100f67e8 f    CIL library: CIL module
 0001:000f57f7       __ehhandler$??0TskDbSqlite@@QAE@PB_W_N@Z 100f67f7 f    CIL library: CIL module
 0001:000f5820       __unwindfunclet$?newDb@TskCaseDb@@SAPAV1@QB_WPAVCaseDbConnectionInfo@@@Z$0 100f6820 f    CIL library: CIL module
 0001:000f582c       __ehhandler$?newDb@TskCaseDb@@SAPAV1@QB_WPAVCaseDbConnectionInfo@@@Z 100f682c f    CIL library: CIL module
 0001:000f5850       __unwindfunclet$?openDb@TskCaseDb@@SAPAV1@PB_W@Z$0 100f6850 f    CIL library: CIL module
 0001:000f5850       __unwindfunclet$?newDb@TskCaseDb@@SAPAV1@PB_W@Z$0 100f6850 f    CIL library: CIL module
 0001:000f5850       __unwindfunclet$?openDb@TskCaseDb@@SAPAV1@PB_WPAVCaseDbConnectionInfo@@@Z$0 100f6850 f    CIL library: CIL module
 0001:000f585c       __ehhandler$?newDb@TskCaseDb@@SAPAV1@PB_W@Z 100f685c f    CIL library: CIL module
 0001:000f585c       __ehhandler$?openDb@TskCaseDb@@SAPAV1@PB_W@Z 100f685c f    CIL library: CIL module
 0001:000f585c       __ehhandler$?openDb@TskCaseDb@@SAPAV1@PB_WPAVCaseDbConnectionInfo@@@Z 100f685c f    CIL library: CIL module
 0001:000f5880       __unwindfunclet$?addFile@TskDbPostgreSQL@@AAEHPAUTSK_FS_FILE@@PBUTSK_FS_ATTR@@PBDQBEW4TSK_DB_FILES_KNOWN_ENUM@@_J5AA_J5@Z$0 100f6880 f    CIL library: CIL module
 0001:000f588b       __unwindfunclet$?addFile@TskDbPostgreSQL@@AAEHPAUTSK_FS_FILE@@PBUTSK_FS_ATTR@@PBDQBEW4TSK_DB_FILES_KNOWN_ENUM@@_J5AA_J5@Z$1 100f688b f    CIL library: CIL module
 0001:000f5896       __ehhandler$?addFile@TskDbPostgreSQL@@AAEHPAUTSK_FS_FILE@@PBUTSK_FS_ATTR@@PBDQBEW4TSK_DB_FILES_KNOWN_ENUM@@_J5AA_J5@Z 100f6896 f    CIL library: CIL module
 0001:000f58c0       __unwindfunclet$?findFilesInFsRet@TskAuto@@QAE?AW4TSK_RETVAL_ENUM@@_JW4TSK_FS_TYPE_ENUM@@@Z$0 100f68c0 f    CIL library: CIL module
 0001:000f58c8       __ehhandler$?findFilesInFsRet@TskAuto@@QAE?AW4TSK_RETVAL_ENUM@@_JW4TSK_FS_TYPE_ENUM@@@Z 100f68c8 f    CIL library: CIL module
 0001:000f58f0       __unwindfunclet$?addFsInfoUnalloc@TskAutoDb@@AAE?AW4TSK_RETVAL_ENUM@@ABU_TSK_DB_FS_INFO@@@Z$0 100f68f0 f    CIL library: CIL module
 0001:000f58fb       __unwindfunclet$?addFsInfoUnalloc@TskAutoDb@@AAE?AW4TSK_RETVAL_ENUM@@ABU_TSK_DB_FS_INFO@@@Z$1 100f68fb f    CIL library: CIL module
 0001:000f5906       __unwindfunclet$?addFsInfoUnalloc@TskAutoDb@@AAE?AW4TSK_RETVAL_ENUM@@ABU_TSK_DB_FS_INFO@@@Z$2 100f6906 f    CIL library: CIL module
 0001:000f590e       __ehhandler$?addFsInfoUnalloc@TskAutoDb@@AAE?AW4TSK_RETVAL_ENUM@@ABU_TSK_DB_FS_INFO@@@Z 100f690e f    CIL library: CIL module
 0001:000f5940       __unwindfunclet$?addUnallocFsSpaceToDb@TskAutoDb@@AAE?AW4TSK_RETVAL_ENUM@@AAI@Z$0 100f6940 f    CIL library: CIL module
 0001:000f5948       __ehhandler$?addUnallocFsSpaceToDb@TskAutoDb@@AAE?AW4TSK_RETVAL_ENUM@@AAI@Z 100f6948 f    CIL library: CIL module
 0001:000f5970       __unwindfunclet$??_GTskDbSqlite@@UAEPAXI@Z$0 100f6970 f    CIL library: CIL module
 0001:000f5978       __unwindfunclet$??_GTskDbSqlite@@UAEPAXI@Z$1 100f6978 f    CIL library: CIL module
 0001:000f5987       __unwindfunclet$??_GTskDbSqlite@@UAEPAXI@Z$3 100f6987 f    CIL library: CIL module
 0001:000f598f       __ehhandler$??_GTskDbSqlite@@UAEPAXI@Z 100f698f f    CIL library: CIL module
 0001:000f59b0       __unwindfunclet$?sqlite_hdb_hash_lookup_by_md5@@YACPAEIPAUTSK_SQLITE_HDB_INFO@@AAUTskHashInfo@@@Z$1 100f69b0 f    CIL library: CIL module
 0001:000f59b8       __ehhandler$?sqlite_hdb_hash_lookup_by_md5@@YACPAEIPAUTSK_SQLITE_HDB_INFO@@AAUTskHashInfo@@@Z 100f69b8 f    CIL library: CIL module
 0001:000f59e0       __unwindfunclet$?addFile@TskDbSqlite@@AAEHPAUTSK_FS_FILE@@PBUTSK_FS_ATTR@@PBDQBEW4TSK_DB_FILES_KNOWN_ENUM@@_J5AA_J5@Z$0 100f69e0 f    CIL library: CIL module
 0001:000f59e8       __unwindfunclet$?addFile@TskDbSqlite@@AAEHPAUTSK_FS_FILE@@PBUTSK_FS_ATTR@@PBDQBEW4TSK_DB_FILES_KNOWN_ENUM@@_J5AA_J5@Z$1 100f69e8 f    CIL library: CIL module
 0001:000f59f0       __ehhandler$?addFile@TskDbSqlite@@AAEHPAUTSK_FS_FILE@@PBUTSK_FS_ATTR@@PBDQBEW4TSK_DB_FILES_KNOWN_ENUM@@_J5AA_J5@Z 100f69f0 f    CIL library: CIL module
 0001:000f5a20       __unwindfunclet$?addImageInfo@TskDbSqlite@@UAEHH_JAA_JABV?$basic_string@DU?$char_traits@D@std@@V?$allocator@D@2@@std@@022@Z$0 100f6a20 f    CIL library: CIL module
 0001:000f5a2b       __unwindfunclet$?addImageInfo@TskDbSqlite@@UAEHH_JAA_JABV?$basic_string@DU?$char_traits@D@std@@V?$allocator@D@2@@std@@022@Z$1 100f6a2b f    CIL library: CIL module
 0001:000f5a36       __unwindfunclet$?addImageInfo@TskDbSqlite@@UAEHH_JAA_JABV?$basic_string@DU?$char_traits@D@std@@V?$allocator@D@2@@std@@022@Z$2 100f6a36 f    CIL library: CIL module
 0001:000f5a41       __ehhandler$?addImageInfo@TskDbSqlite@@UAEHH_JAA_JABV?$basic_string@DU?$char_traits@D@std@@V?$allocator@D@2@@std@@022@Z 100f6a41 f    CIL library: CIL module
 0001:000f5a70       ??__EhashDbs@@YAXXZ        100f6a70 f    CIL library: CIL module
 0001:000f5a80       ??__EgetTlsIndex@tsk@@YAXXZ 100f6a80 f    CIL library: CIL module
 0001:000f5aa0       ??__FhashDbs@@YAXXZ        100f6aa0 f    CIL library: CIL module
 0001:000f5ae0       ??__FgetTlsIndex@tsk@@YAXXZ 100f6ae0 f    CIL library: CIL module
